\BOOKMARK [1][-]{section.1}{\376\377\000A\000P\000R\000E\000S\000E\000N\000T\000A\000\307\000\303\000O\000\040\000D\000O\000\040\000P\000R\000O\000J\000E\000T\000O\000\040\000P\000E\000D\000A\000G\000\323\000G\000I\000C\000O\000\040\000D\000O\000\040\000C\000U\000R\000S\000O}{}% 1
\BOOKMARK [1][-]{section.2}{\376\377\000C\000o\000n\000t\000e\000x\000t\000u\000a\000l\000i\000z\000a\000\347\000\343\000o\000\040\000d\000a\000\040\000I\000n\000s\000t\000i\000t\000u\000i\000\347\000\343\000o}{}% 2
\BOOKMARK [2][-]{subsection.2.1}{\376\377\000B\000r\000e\000v\000e\000\040\000H\000i\000s\000t\000\363\000r\000i\000c\000o\000\040\000d\000o\000\040\000C\000a\000m\000p\000u\000s\000\040\000M\000a\000r\000a\000c\000a\000n\000a\000\372}{section.2}% 3
\BOOKMARK [1][-]{section.3}{\376\377\000J\000U\000S\000T\000I\000F\000I\000C\000A\000T\000I\000V\000A}{}% 4
\BOOKMARK [1][-]{section.4}{\376\377\000F\000U\000N\000D\000A\000M\000E\000N\000T\000A\000\307\000\303\000O\000\040\000L\000E\000G\000A\000L}{}% 5
\BOOKMARK [2][-]{subsection.4.1}{\376\377\000N\000o\000r\000m\000a\000t\000i\000v\000a\000s\000\040\000N\000a\000c\000i\000o\000n\000a\000i\000s}{section.4}% 6
\BOOKMARK [2][-]{subsection.4.2}{\376\377\000N\000o\000r\000m\000a\000t\000i\000v\000a\000s\000\040\000I\000n\000s\000t\000i\000t\000u\000c\000i\000o\000n\000a\000i\000s}{section.4}% 7
\BOOKMARK [1][-]{section.5}{\376\377\000O\000B\000J\000E\000T\000I\000V\000O\000S\000\040\000D\000O\000\040\000C\000U\000R\000S\000O}{}% 8
\BOOKMARK [2][-]{subsection.5.1}{\376\377\000O\000b\000j\000e\000t\000i\000v\000o\000\040\000G\000e\000r\000a\000l}{section.5}% 9
\BOOKMARK [2][-]{subsection.5.2}{\376\377\000O\000b\000j\000e\000t\000i\000v\000o\000s\000\040\000E\000s\000p\000e\000c\000\355\000f\000i\000c\000o\000s}{section.5}% 10
\BOOKMARK [1][-]{section.6}{\376\377\000F\000O\000R\000M\000A\000S\000\040\000D\000E\000\040\000I\000N\000G\000R\000E\000S\000S\000O}{}% 11
\BOOKMARK [1][-]{section.7}{\376\377\000\301\000R\000E\000A\000S\000\040\000D\000E\000\040\000A\000T\000U\000A\000\307\000\303\000O}{}% 12
\BOOKMARK [1][-]{section.8}{\376\377\000P\000E\000R\000F\000I\000L\000\040\000P\000R\000O\000F\000I\000S\000S\000I\000O\000N\000A\000L\000\040\000D\000O\000\040\000E\000G\000R\000E\000S\000S\000O}{}% 13
\BOOKMARK [1][-]{section.9}{\376\377\000C\000o\000m\000p\000e\000t\000\352\000n\000c\000i\000a\000s\000\040\000D\000e\000s\000e\000n\000v\000o\000l\000v\000i\000d\000a\000s\000\040\000p\000e\000l\000o\000\040\000E\000g\000r\000e\000s\000s\000o}{}% 14
\BOOKMARK [1][-]{section.10}{\376\377\000M\000E\000T\000O\000D\000O\000L\000O\000G\000I\000A}{}% 15
\BOOKMARK [1][-]{section.11}{\376\377\000E\000S\000T\000R\000U\000T\000U\000R\000A\000\040\000C\000U\000R\000R\000I\000C\000U\000L\000A\000R}{}% 16
\BOOKMARK [2][-]{subsection.11.1}{\376\377\000O\000r\000g\000a\000n\000i\000z\000a\000\347\000\343\000o\000\040\000C\000u\000r\000r\000i\000c\000u\000l\000a\000r}{section.11}% 17
\BOOKMARK [2][-]{subsection.11.2}{\376\377\000M\000a\000t\000r\000i\000z\000\040\000C\000u\000r\000r\000i\000c\000u\000l\000a\000r}{section.11}% 18
\BOOKMARK [2][-]{subsection.11.3}{\376\377\000E\000s\000t\000\341\000g\000i\000o\000\040\000C\000u\000r\000r\000i\000c\000u\000l\000a\000r}{section.11}% 19
\BOOKMARK [2][-]{subsection.11.4}{\376\377\000A\000t\000i\000v\000i\000d\000a\000d\000e\000s\000\040\000C\000o\000m\000p\000l\000e\000m\000e\000n\000t\000a\000r\000e\000s}{section.11}% 20
\BOOKMARK [2][-]{subsection.11.5}{\376\377\000T\000r\000a\000b\000a\000l\000h\000o\000\040\000d\000e\000\040\000C\000o\000n\000c\000l\000u\000s\000\343\000o\000\040\000d\000e\000\040\000C\000u\000r\000s\000o\000\040\000\050\000P\000F\000C\000\051}{section.11}% 21
\BOOKMARK [1][-]{section.12}{\376\377\000A\000P\000R\000O\000V\000E\000I\000T\000A\000M\000E\000N\000T\000O\000\040\000E\000\040\000V\000A\000L\000I\000D\000A\000\307\000\303\000O\000\040\000D\000O\000\040\000C\000O\000N\000H\000E\000C\000I\000M\000E\000N\000T\000O}{}% 22
\BOOKMARK [1][-]{section.13}{\376\377\000A\000V\000A\000L\000I\000A\000\307\000\303\000O\000\040\000D\000O\000\040\000P\000R\000O\000J\000E\000T\000O\000\040\000D\000O\000\040\000C\000U\000R\000S\000O}{}% 23
\BOOKMARK [2][-]{subsection.13.1}{\376\377\000A\000v\000a\000l\000i\000a\000\347\000\343\000o\000\040\000d\000o\000\040\000D\000o\000c\000e\000n\000t\000e}{section.13}% 24
\BOOKMARK [2][-]{subsection.13.2}{\376\377\000N\000\372\000c\000l\000e\000o\000\040\000D\000o\000c\000e\000n\000t\000e\000\040\000E\000s\000t\000r\000u\000t\000u\000r\000a\000n\000t\000e}{section.13}% 25
\BOOKMARK [2][-]{subsection.13.3}{\376\377\000C\000o\000l\000e\000g\000i\000a\000d\000o}{section.13}% 26
\BOOKMARK [2][-]{subsection.13.4}{\376\377\000E\000n\000c\000o\000n\000t\000r\000o\000s\000\040\000P\000e\000d\000a\000g\000\363\000g\000i\000c\000o\000s}{section.13}% 27
\BOOKMARK [2][-]{subsection.13.5}{\376\377\000A\000\347\000\365\000e\000s\000\040\000d\000e\000c\000o\000r\000r\000e\000n\000t\000e\000s\000\040\000d\000o\000s\000\040\000p\000r\000o\000c\000e\000s\000s\000o\000s\000\040\000d\000e\000\040\000a\000u\000t\000o\000a\000v\000a\000l\000i\000a\000\347\000\343\000o\000\040\000e\000\040\000a\000v\000a\000l\000i\000a\000\347\000\343\000o\000\040\000e\000x\000t\000e\000r\000n\000a}{section.13}% 28
\BOOKMARK [1][-]{section.14}{\376\377\000A\000V\000A\000L\000I\000A\000\307\000\303\000O\000\040\000D\000A\000\040\000A\000P\000R\000E\000N\000D\000I\000Z\000A\000G\000E\000M}{}% 29
\BOOKMARK [1][-]{section.15}{\376\377\000E\000M\000I\000S\000S\000\303\000O\000\040\000D\000E\000\040\000D\000I\000P\000L\000O\000M\000A\000S}{}% 30
\BOOKMARK [1][-]{section.16}{\376\377\000P\000O\000L\000\315\000T\000I\000C\000A\000S\000\040\000I\000N\000S\000T\000I\000T\000U\000C\000I\000O\000N\000A\000I\000S\000\040\000N\000O\000\040\000\302\000M\000B\000I\000T\000O\000\040\000D\000O\000\040\000C\000U\000R\000S\000O}{}% 31
\BOOKMARK [1][-]{section.17}{\376\377\000A\000P\000O\000I\000O\000\040\000A\000O\000\040\000D\000I\000S\000C\000E\000N\000T\000E}{}% 32
\BOOKMARK [2][-]{subsection.17.1}{\376\377\000C\000o\000o\000r\000d\000e\000n\000a\000\347\000\343\000o\000\040\000d\000e\000\040\000C\000u\000r\000s\000o}{section.17}% 33
\BOOKMARK [2][-]{subsection.17.2}{\376\377\000C\000o\000o\000r\000d\000e\000n\000a\000d\000o\000r\000i\000a\000\040\000d\000e\000\040\000C\000o\000n\000t\000r\000o\000l\000e\000\040\000A\000c\000a\000d\000\352\000m\000i\000c\000o}{section.17}% 34
\BOOKMARK [2][-]{subsection.17.3}{\376\377\000D\000e\000p\000a\000r\000t\000a\000m\000e\000n\000t\000o\000\040\000d\000e\000\040\000E\000x\000t\000e\000n\000s\000\343\000o\000,\000\040\000P\000e\000s\000q\000u\000i\000s\000a\000,\000\040\000P\000\363\000s\000-\000G\000r\000a\000d\000u\000a\000\347\000\343\000o\000\040\000e\000\040\000I\000n\000o\000v\000a\000\347\000\343\000o}{section.17}% 35
\BOOKMARK [2][-]{subsection.17.4}{\376\377\000C\000o\000o\000r\000d\000e\000n\000a\000d\000o\000r\000i\000a\000\040\000T\000\351\000c\000n\000i\000c\000o\000\040\000P\000e\000d\000a\000g\000\363\000g\000i\000c\000a}{section.17}% 36
\BOOKMARK [2][-]{subsection.17.5}{\376\377\000C\000o\000o\000r\000d\000e\000n\000a\000d\000o\000r\000i\000a\000\040\000d\000e\000\040\000A\000s\000s\000u\000n\000t\000o\000s\000\040\000E\000s\000t\000u\000d\000a\000n\000t\000i\000s}{section.17}% 37
\BOOKMARK [2][-]{subsection.17.6}{\376\377\000B\000i\000b\000l\000i\000o\000t\000e\000c\000a}{section.17}% 38
\BOOKMARK [2][-]{subsection.17.7}{\376\377\000N\000\372\000c\000l\000e\000o\000\040\000d\000e\000\040\000A\000c\000e\000s\000s\000i\000b\000i\000l\000i\000d\000a\000d\000e\000\040\000\340\000s\000\040\000P\000e\000s\000s\000o\000a\000s\000\040\000c\000o\000m\000\040\000N\000e\000c\000e\000s\000s\000i\000d\000a\000d\000e\000s\000\040\000E\000d\000u\000c\000a\000c\000i\000o\000n\000a\000i\000s\000\040\000E\000s\000p\000e\000c\000\355\000f\000i\000c\000a\000s}{section.17}% 39
\BOOKMARK [2][-]{subsection.17.8}{\376\377\000S\000e\000t\000o\000r\000\040\000d\000e\000\040\000E\000s\000t\000\341\000g\000i\000o}{section.17}% 40
\BOOKMARK [2][-]{subsection.17.9}{\376\377\000S\000e\000t\000o\000r\000\040\000d\000e\000\040\000E\000d\000u\000c\000a\000\347\000\343\000o\000\040\000F\000\355\000s\000i\000c\000a\000\040\000e\000\040\000E\000s\000p\000o\000r\000t\000e}{section.17}% 41
\BOOKMARK [1][-]{section.18}{\376\377\000C\000O\000R\000P\000O\000\040\000T\000\311\000C\000N\000I\000C\000O\000-\000A\000D\000M\000I\000N\000I\000S\000T\000R\000A\000T\000I\000V\000O}{}% 42
\BOOKMARK [1][-]{section.19}{\376\377\000I\000N\000F\000R\000A\000E\000S\000T\000R\000U\000T\000U\000R\000A}{}% 43
\BOOKMARK [2][-]{subsection.19.1}{\376\377\000L\000a\000b\000o\000r\000a\000t\000\363\000r\000i\000o\000s}{section.19}% 44
\BOOKMARK [2][-]{subsection.19.2}{\376\377\000A\000m\000b\000i\000e\000n\000t\000e\000s\000\040\000A\000d\000m\000i\000n\000i\000s\000t\000r\000a\000t\000i\000v\000o\000s}{section.19}% 45
\BOOKMARK [2][-]{subsection.19.3}{\376\377\000B\000l\000o\000c\000o\000\040\000I\000I\000\040\000d\000o\000\040\000E\000i\000x\000o\000\040\000T\000e\000c\000n\000o\000l\000\363\000g\000i\000c\000o\000\040\000d\000a\000\040\000I\000n\000d\000\372\000s\000t\000r\000i\000a}{section.19}% 46
\BOOKMARK [1][-]{appendix.A}{\376\377\000C\000O\000M\000P\000R\000O\000V\000A\000N\000T\000E\000\040\000D\000O\000\040\000I\000M\000\323\000V\000E\000L}{}% 47
\BOOKMARK [1][-]{appendix.B}{\376\377\000P\000O\000R\000T\000A\000R\000I\000A\000S}{}% 48
\BOOKMARK [2][-]{subsection.B.1}{\376\377\000P\000o\000r\000t\000a\000r\000i\000a\000\040\000N\000\272\000\040\0009\0001\0004\0000\000/\000G\000A\000B\000-\000M\000A\000R\000/\000D\000G\000-\000M\000A\000R\000/\000M\000A\000R\000A\000C\000A\000N\000A\000\332\000,\000\040\000D\000E\000\040\0002\0003\000\040\000D\000E\000\040\000S\000E\000T\000E\000M\000B\000R\000O\000\040\000D\000E\000\040\0002\0000\0002\0005}{appendix.B}% 49
\BOOKMARK [2][-]{subsection.B.2}{\376\377\000P\000o\000r\000t\000a\000r\000i\000a\000\040\000N\000\272\000\040\0009\0001\0004\0001\000/\000G\000A\000B\000-\000M\000A\000R\000/\000D\000G\000-\000M\000A\000R\000/\000M\000A\000R\000A\000C\000A\000N\000A\000\332\000,\000\040\000D\000E\000\040\0002\0003\000\040\000D\000E\000\040\000S\000E\000T\000E\000M\000B\000R\000O\000\040\000D\000E\000\040\0002\0000\0002\0005}{appendix.B}% 50
\BOOKMARK [2][-]{subsection.B.3}{\376\377\000P\000o\000r\000t\000a\000r\000i\000a\000\040\000n\000\260\000\040\0000\0002\0003\000/\000G\000D\000G\000\040\000d\000e\000\040\0002\0007\000\040\000d\000e\000\040\000m\000a\000r\000\347\000o\000\040\000d\000e\000\040\0002\0000\0001\0003}{appendix.B}% 51
\BOOKMARK [2][-]{subsection.B.4}{\376\377\000P\000o\000r\000t\000a\000r\000i\000a\000\040\000n\000\260\000\040\0000\0004\0002\000/\000G\000D\000G\000\040\000d\000e\000\040\0002\0002\000\040\000d\000e\000\040\000a\000b\000r\000i\000l\000\040\000d\000e\000\040\0002\0000\0001\0003}{appendix.B}% 52
\BOOKMARK [2][-]{subsection.B.5}{\376\377\000P\000o\000r\000t\000a\000r\000i\000a\000\040\000n\000\260\000\040\0004\0003\0000\000/\000M\000i\000n\000i\000s\000t\000\351\000r\000i\000o\000\040\000d\000a\000\040\000E\000d\000u\000c\000a\000\347\000\343\000o\000\040\000d\000e\000\040\0000\0003\000\040\000d\000e\000\040\000m\000a\000i\000o\000\040\000d\000e\000\040\0002\0000\0002\0001}{appendix.B}% 53
\BOOKMARK [1][-]{appendix.C}{\376\377\000R\000E\000G\000U\000L\000A\000M\000E\000N\000T\000A\000\307\000\303\000O\000\040\000D\000A\000\040\000O\000R\000G\000A\000N\000I\000Z\000A\000\307\000\303\000O\000\040\000D\000I\000D\000\301\000T\000I\000C\000A}{}% 54
\BOOKMARK [1][-]{appendix.D}{\376\377\000P\000R\000O\000J\000E\000T\000O\000\040\000D\000O\000\040\000B\000L\000O\000C\000O\000\040\000I\000I\000\040\000D\000O\000\040\000E\000I\000X\000O\000\040\000T\000E\000C\000N\000O\000L\000\323\000G\000I\000C\000O\000\040\000D\000A\000\040\000I\000N\000D\000\332\000S\000T\000R\000I\000A}{}% 55
\BOOKMARK [1][-]{appendix.E}{\376\377\000L\000E\000G\000I\000S\000L\000A\000\307\000\303\000O}{}% 56
\BOOKMARK [2][-]{subsection.E.1}{\376\377\000D\000e\000c\000r\000e\000t\000o\000\040\000F\000e\000d\000e\000r\000a\000l\000\040\000n\000\040\0005\000.\0006\0002\0006\000,\000\040\000d\000e\000\040\0002\0002\000\040\000d\000e\000\040\000d\000e\000z\000e\000m\000b\000r\000o\000\040\000d\000e\000\040\0002\0000\0000\0005}{appendix.E}% 57
\BOOKMARK [1][-]{appendix.F}{\376\377\000P\000R\000O\000G\000R\000A\000M\000A\000S\000\040\000D\000E\000\040\000U\000N\000I\000D\000A\000D\000E\000\040\000D\000I\000D\000\301\000T\000I\000C\000A}{}% 58
