This is pdfTeX, Version 3.141592653-2.6-1.40.25 (TeX Live 2023) (preloaded format=pdflatex 2025.3.18)  29 OCT 2025 09:41
entering extended mode
 \write18 enabled.
 %&-line parsing enabled.
**PCC_ECA_2026.tex
(./PCC_ECA_2026.tex
LaTeX2e <2022-11-01> patch level 1
L3 programming layer <2023-02-22>
(/app/texlive/texmf-dist/tex/latex/abntex2/abntex2.cls
Document Class: abntex2 2018/11/24 v-1.9.7 abnTeX2
(/app/texlive/texmf-dist/tex/latex/base/ifthen.sty
Package: ifthen 2022/04/13 v1.1d Standard LaTeX ifthen package (DPC)
)
(/app/texlive/texmf-dist/tex/latex/memoir/memoir.cls
Document Class: memoir 2022/11/17 v3.7.19 configurable book, report, article do
cument class
(/app/texlive/texmf-dist/tex/latex/etoolbox/etoolbox.sty
Package: etoolbox 2020/10/05 v2.5k e-TeX tools for LaTeX (JAW)
\etb@tempcnta=\count185
)
\onelineskip=\skip48
\lxvchars=\skip49
\xlvchars=\skip50
\@memcnta=\count186
\c@@memmarkcntra=\count187

(/app/texlive/texmf-dist/tex/generic/iftex/iftex.sty
Package: iftex 2022/02/03 v1.0f TeX engine tests
)
\stockheight=\dimen140
\stockwidth=\dimen141
\trimtop=\skip51
\trimedge=\skip52

(/app/texlive/texmf-dist/tex/latex/memoir/mem11.clo
File: mem11.clo 2022/07/29 v0.5 memoir class 11pt size option
)
\binding=\skip53
\spinemargin=\skip54
\foremargin=\skip55
\uppermargin=\skip56
\lowermargin=\skip57
\headdrop=\skip58
\normalrulethickness=\skip59
\mem@maxheadheight=\skip60
\mem@maxfootheight=\skip61
\headwidth=\skip62
\c@storedpagenumber=\count188
\memPD=\dimen142
\m@mabparskip=\skip63
\thanksmarkwidth=\skip64
\thanksmarksep=\skip65
\droptitle=\skip66
\c@book=\count189
\c@part=\count190
\c@chapter=\count191
\c@section=\count192
\c@subsection=\count193
\c@subsubsection=\count194
\c@paragraph=\count195
\c@subparagraph=\count196
\beforechapskip=\skip67
\midchapskip=\skip68
\afterchapskip=\skip69
\chapindent=\skip70
\bottomsectionskip=\skip71
\secindent=\skip72
\beforesecskip=\skip73
\aftersecskip=\skip74
\subsecindent=\skip75
\beforesubsecskip=\skip76
\aftersubsecskip=\skip77
\subsubsecindent=\skip78
\beforesubsubsecskip=\skip79
\aftersubsubsecskip=\skip80
\paraindent=\skip81
\beforeparaskip=\skip82
\afterparaskip=\skip83
\subparaindent=\skip84
\beforesubparaskip=\skip85
\aftersubparaskip=\skip86
\pfbreakskip=\skip87
\c@@ppsavesec=\count197
\c@@ppsaveapp=\count198
\ragrparindent=\dimen143
\everylistparindent=\dimen144
\parsepi=\skip88
\topsepi=\skip89
\itemsepi=\skip90
\parsepii=\skip91
\topsepii=\skip92
\topsepiii=\skip93
\itemsepii=\skip94
\itemsepiii=\skip95
\partopsepii=\skip96
\partopsepiii=\skip97
\m@msavetopsep=\skip98
\m@msavepartopsep=\skip99
\@enLab=\toks16
\abstitleskip=\skip100
\absleftindent=\skip101
\abs@leftindent=\dimen145
\absrightindent=\skip102
\absparindent=\skip103
\absparsep=\skip104
\c@vslineno=\count199
\c@poemline=\count266
\c@modulo@vs=\count267
\c@memfvsline=\count268
\vleftskip=\skip105
\vrightskip=\skip106
\stanzaskip=\skip107
\versewidth=\skip108
\vgap=\skip109
\vindent=\skip110
\vleftmargin=\dimen146
\c@verse=\count269
\c@chrsinstr=\count270
\beforepoemtitleskip=\skip111
\afterpoemtitleskip=\skip112
\c@poem=\count271
\beforePoemTitleskip=\skip113
\midPoemTitleskip=\skip114
\afterPoemTitleskip=\skip115

(/app/texlive/texmf-dist/tex/latex/tools/array.sty
Package: array 2022/09/04 v2.5g Tabular extension package (FMi)
\col@sep=\dimen147
\ar@mcellbox=\box51
\extrarowheight=\dimen148
\NC@list=\toks17
\extratabsurround=\skip116
\backup@length=\skip117
\ar@cellbox=\box52
)
(/app/texlive/texmf-dist/tex/latex/tools/dcolumn.sty
Package: dcolumn 2014/10/28 v1.06 decimal alignment package (DPC)
)
(/app/texlive/texmf-dist/tex/latex/tools/delarray.sty
Package: delarray 2014/10/28 v1.01 array delimiter package (DPC)
)
(/app/texlive/texmf-dist/tex/latex/tools/tabularx.sty
Package: tabularx 2020/01/15 v2.11c `tabularx' package (DPC)
\TX@col@width=\dimen149
\TX@old@table=\dimen150
\TX@old@col=\dimen151
\TX@target=\dimen152
\TX@delta=\dimen153
\TX@cols=\count272
\TX@ftn=\toks18
)
\heavyrulewidth=\dimen154
\lightrulewidth=\dimen155
\cmidrulewidth=\dimen156
\belowrulesep=\dimen157
\belowbottomsep=\dimen158
\aboverulesep=\dimen159
\abovetopsep=\dimen160
\cmidrulesep=\dimen161
\cmidrulekern=\dimen162
\defaultaddspace=\dimen163
\@cmidla=\count273
\@cmidlb=\count274
\@aboverulesep=\dimen164
\@belowrulesep=\dimen165
\@thisruleclass=\count275
\@lastruleclass=\count276
\@thisrulewidth=\dimen166
\ctableftskip=\skip118
\ctabrightskip=\skip119
\abovecolumnspenalty=\count277
\@linestogo=\count278
\@cellstogo=\count279
\@cellsincolumn=\count280
\crtok=\toks19
\@mincolumnwidth=\dimen167
\c@newflo@tctr=\count281
\mem@margin@floatbox=\box53
\@contcwidth=\skip120
\@contindw=\skip121
\abovecaptionskip=\skip122
\belowcaptionskip=\skip123
\subfloattopskip=\skip124
\subfloatcapskip=\skip125
\subfloatcaptopadj=\skip126
\subfloatbottomskip=\skip127
\subfloatlabelskip=\skip128
\subfloatcapmargin=\dimen168
\c@@contsubnum=\count282
\m@mscap@capbox=\box54
\m@mscap@fbox=\box55
\sidecapsep=\dimen169
\sidecapwidth=\dimen170
\m@m@tempdima=\dimen171
\m@mscapraise=\dimen172
\sidecapraise=\dimen173
\m@mscapmainwidth=\dimen174
\m@mscaplkern=\dimen175
\beforeepigraphskip=\skip129
\afterepigraphskip=\skip130
\epigraphwidth=\skip131
\epigraphrule=\skip132
LaTeX Info: Redefining \em on input line 7655.
LaTeX Info: Redefining \emph on input line 7663.
\tocentryskip=\skip133
\tocbaseline=\skip134
\cftparskip=\skip135
\cftbeforebookskip=\skip136
\cftbookindent=\dimen176
\cftbooknumwidth=\dimen177
\cftbeforepartskip=\skip137
\cftpartindent=\skip138
\cftpartnumwidth=\skip139
\cftbeforechapterskip=\skip140
\cftchapterindent=\skip141
\cftchapternumwidth=\skip142
\cftbeforesectionskip=\skip143
\cftsectionindent=\skip144
\cftsectionnumwidth=\skip145
\cftbeforesubsectionskip=\skip146
\cftsubsectionindent=\skip147
\cftsubsectionnumwidth=\skip148
\cftbeforesubsubsectionskip=\skip149
\cftsubsubsectionindent=\skip150
\cftsubsubsectionnumwidth=\skip151
\cftbeforeparagraphskip=\skip152
\cftparagraphindent=\skip153
\cftparagraphnumwidth=\skip154
\cftbeforesubparagraphskip=\skip155
\cftsubparagraphindent=\skip156
\cftsubparagraphnumwidth=\skip157
\prechapterprecisshift=\dimen178
\c@maxsecnumdepth=\count283
\bibindent=\dimen179
\bibitemsep=\skip158
\indexcolsep=\skip159
\indexrule=\skip160
\indexmarkstyle=\toks20
\@indexbox=\insert252
\glossarycolsep=\dimen180
\glossaryrule=\dimen181
\sideparvshift=\skip161
\sideins=\insert251
\sidebartopsep=\skip162
\sidebarhsep=\skip163
\sidebarvsep=\skip164
\sidebarwidth=\skip165
\footmarkwidth=\skip166
\footmarksep=\skip167
\footparindent=\skip168
\footinsdim=\skip169
\footinsv@r=\insert250
\@mpfootinsv@r=\insert249
\m@m@k=\count284
\m@m@h=\dimen182
\m@mipn@skip=\skip170
\sidefootins=\insert248
\sidefootadjust=\skip171
\sidefootheight=\skip172
\sidefoothsep=\skip173
\sidefootvsep=\skip174
\sidefootwidth=\skip175
\m@mdownsf=\skip176
\c@sidefootnote=\count285
\sidefootmarkwidth=\skip177
\sidefootmarksep=\skip178
\sidefootparindent=\skip179
\c@pagenote=\count286
\c@pagenoteshadow=\count287
\mem@pn@lastkern=\skip180
\every@verbatim=\toks21
\afterevery@verbatim=\toks22
\verbatim@line=\toks23
\tab@position=\count288
\verbatim@in@stream=\read2
\verbatimindent=\skip181
\verbatim@out=\write3
\bvboxsep=\skip182
\c@memfbvline=\count289
\c@bvlinectr=\count290
\bvnumlength=\skip183
\fb@frw=\dimen183
\fb@frh=\dimen184
\FrameRule=\dimen185
\FrameSep=\dimen186
\c@cp@cntr=\count291
\c@ism@mctr=\count292
\c@xsm@mctr=\count293
\c@csm@mctr=\count294
\c@ksm@mctr=\count295
\c@xksm@mctr=\count296
\c@cksm@mctr=\count297
\c@msm@mctr=\count298
\c@xmsm@mctr=\count299
\c@cmsm@mctr=\count300
\c@bsm@mctr=\count301
\c@workm@mctr=\count302
\c@sheetsequence=\count303
\c@lastsheet=\count304
\c@lastpage=\count305

(/app/texlive/texmf-dist/tex/latex/textcase/textcase.sty
Package: textcase 2022/07/10 v1.03 Text only upper/lower case changing (DPC)
Package textcase Info: Defining Legacy names on input line 20.
)
\c@figure=\count306
\c@lofdepth=\count307
\cftbeforefigureskip=\skip184
\cftfigureindent=\skip185
\cftfigurenumwidth=\skip186
\c@table=\count308
\c@lotdepth=\count309
\cftbeforetableskip=\skip187
\cfttableindent=\skip188
\cfttablenumwidth=\skip189
Package abstract [2008/07/23] emulated by memoir.
Package appendix [2008/07/23] emulated by memoir.
Package booktabs [2016/05/16] emulated by memoir.
Package ccaption [2008/07/23] emulated by memoir.
Package changepage [2008/07/23] emulated by memoir.
Package chngcntr [2008/07/23] emulated by memoir.
Package chngpage [2008/07/23] emulated by memoir.
Package crop emulated by memoir.
Package enumerate [2008/07/23] emulated by memoir.
Package epigraph [2008/07/23] emulated by memoir.
Package ifmtarg [2008/07/23] emulated by memoir.
Package index [2008/07/23] emulated by memoir.
Package makeidx [2008/07/23] emulated by memoir.
Package moreverb [2008/07/23] emulated by memoir.
Package needspace [2008/07/23] emulated by memoir.
Package newfile [2008/07/23] emulated by memoir.
Package nextpage [2008/07/23] emulated by memoir.
Package pagenote [2008/07/23] emulated by memoir.
Package parskip [2008/07/23] emulated by memoir.
Package patchcmd [2008/07/23] emulated by memoir.
Package setspace [2008/07/23] emulated by memoir.
Package shortvrb [2008/07/23] emulated by memoir.
Package showidx [2008/07/23] emulated by memoir.
Package titleref [2008/07/23] emulated by memoir.
Package titling [2008/07/23] emulated by memoir.
Package tocbibind [2008/07/23] emulated by memoir.
Package tocloft [2008/07/23] emulated by memoir.
Package tocvsec2 [2008/07/23] emulated by memoir.
Package verbatim [2008/07/23] emulated by memoir.
Package verse [2008/07/23] emulated by memoir.
)
(/app/texlive/texmf-dist/tex/latex/hyperref/hyperref.sty
Package: hyperref 2023-02-07 v7.00v Hypertext links for LaTeX

(/app/texlive/texmf-dist/tex/generic/ltxcmds/ltxcmds.sty
Package: ltxcmds 2020-05-10 v1.25 LaTeX kernel commands for general use (HO)
)
(/app/texlive/texmf-dist/tex/generic/pdftexcmds/pdftexcmds.sty
Package: pdftexcmds 2020-06-27 v0.33 Utility functions of pdfTeX for LuaTeX (HO
)

(/app/texlive/texmf-dist/tex/generic/infwarerr/infwarerr.sty
Package: infwarerr 2019/12/03 v1.5 Providing info/warning/error messages (HO)
)
Package pdftexcmds Info: \pdf@primitive is available.
Package pdftexcmds Info: \pdf@ifprimitive is available.
Package pdftexcmds Info: \pdfdraftmode found.
)
(/app/texlive/texmf-dist/tex/latex/graphics/keyval.sty
Package: keyval 2022/05/29 v1.15 key=value parser (DPC)
\KV@toks@=\toks24
)
(/app/texlive/texmf-dist/tex/latex/kvsetkeys/kvsetkeys.sty
Package: kvsetkeys 2022-10-05 v1.19 Key value parser (HO)
)
(/app/texlive/texmf-dist/tex/generic/kvdefinekeys/kvdefinekeys.sty
Package: kvdefinekeys 2019-12-19 v1.6 Define keys (HO)
)
(/app/texlive/texmf-dist/tex/generic/pdfescape/pdfescape.sty
Package: pdfescape 2019/12/09 v1.15 Implements pdfTeX's escape features (HO)
)
(/app/texlive/texmf-dist/tex/latex/hycolor/hycolor.sty
Package: hycolor 2020-01-27 v1.10 Color options for hyperref/bookmark (HO)
)
(/app/texlive/texmf-dist/tex/latex/letltxmacro/letltxmacro.sty
Package: letltxmacro 2019/12/03 v1.6 Let assignment for LaTeX macros (HO)
)
(/app/texlive/texmf-dist/tex/latex/auxhook/auxhook.sty
Package: auxhook 2019-12-17 v1.6 Hooks for auxiliary files (HO)
)
(/app/texlive/texmf-dist/tex/latex/hyperref/nameref.sty
Package: nameref 2022-05-17 v2.50 Cross-referencing by name of section

(/app/texlive/texmf-dist/tex/latex/refcount/refcount.sty
Package: refcount 2019/12/15 v3.6 Data extraction from label references (HO)
)
(/app/texlive/texmf-dist/tex/generic/gettitlestring/gettitlestring.sty
Package: gettitlestring 2019/12/15 v1.6 Cleanup title references (HO)

(/app/texlive/texmf-dist/tex/latex/kvoptions/kvoptions.sty
Package: kvoptions 2022-06-15 v3.15 Key value format for package options (HO)
))
\c@section@level=\count310
)
\@linkdim=\dimen187
\Hy@linkcounter=\count311
\Hy@pagecounter=\count312

(/app/texlive/texmf-dist/tex/latex/hyperref/pd1enc.def
File: pd1enc.def 2023-02-07 v7.00v Hyperref: PDFDocEncoding definition (HO)
Now handling font encoding PD1 ...
... no UTF-8 mapping file for font encoding PD1
)
(/app/texlive/texmf-dist/tex/generic/intcalc/intcalc.sty
Package: intcalc 2019/12/15 v1.3 Expandable calculations with integers (HO)
)
(/app/texlive/texmf-dist/tex/generic/etexcmds/etexcmds.sty
Package: etexcmds 2019/12/15 v1.7 Avoid name clashes with e-TeX commands (HO)
)
\Hy@SavedSpaceFactor=\count313

(/app/texlive/texmf-dist/tex/latex/hyperref/puenc.def
File: puenc.def 2023-02-07 v7.00v Hyperref: PDF Unicode definition (HO)
Now handling font encoding PU ...
... no UTF-8 mapping file for font encoding PU
)
Package hyperref Info: Hyper figures OFF on input line 4177.
Package hyperref Info: Link nesting OFF on input line 4182.
Package hyperref Info: Hyper index ON on input line 4185.
Package hyperref Info: Plain pages OFF on input line 4192.
Package hyperref Info: Backreferencing OFF on input line 4197.
Package hyperref Info: Implicit mode ON; LaTeX internals redefined.
Package hyperref Info: Bookmarks ON on input line 4425.
\c@Hy@tempcnt=\count314

(/app/texlive/texmf-dist/tex/latex/url/url.sty
\Urlmuskip=\muskip16
Package: url 2013/09/16  ver 3.4  Verb mode for urls, etc.
)
LaTeX Info: Redefining \url on input line 4763.
\XeTeXLinkMargin=\dimen188

(/app/texlive/texmf-dist/tex/generic/bitset/bitset.sty
Package: bitset 2019/12/09 v1.3 Handle bit-vector datatype (HO)

(/app/texlive/texmf-dist/tex/generic/bigintcalc/bigintcalc.sty
Package: bigintcalc 2019/12/15 v1.5 Expandable calculations on big integers (HO
)
))
\Fld@menulength=\count315
\Field@Width=\dimen189
\Fld@charsize=\dimen190
Package hyperref Info: Hyper figures OFF on input line 6042.
Package hyperref Info: Link nesting OFF on input line 6047.
Package hyperref Info: Hyper index ON on input line 6050.
Package hyperref Info: backreferencing OFF on input line 6057.
Package hyperref Info: Link coloring OFF on input line 6062.
Package hyperref Info: Link coloring with OCG OFF on input line 6067.
Package hyperref Info: PDF/A mode OFF on input line 6072.

(/app/texlive/texmf-dist/tex/latex/base/atbegshi-ltx.sty
Package: atbegshi-ltx 2021/01/10 v1.0c Emulation of the original atbegshi
package with kernel methods
)
\Hy@abspage=\count316
\c@Item=\count317
\c@Hfootnote=\count318
)
Package hyperref Info: Driver (autodetected): hpdftex.

(/app/texlive/texmf-dist/tex/latex/hyperref/hpdftex.def
File: hpdftex.def 2023-02-07 v7.00v Hyperref driver for pdfTeX

(/app/texlive/texmf-dist/tex/latex/base/atveryend-ltx.sty
Package: atveryend-ltx 2020/08/19 v1.0a Emulation of the original atveryend pac
kage
with kernel methods
)
\Fld@listcount=\count319
\c@bookmark@seq@number=\count320

(/app/texlive/texmf-dist/tex/latex/rerunfilecheck/rerunfilecheck.sty
Package: rerunfilecheck 2022-07-10 v1.10 Rerun checks for auxiliary files (HO)

(/app/texlive/texmf-dist/tex/generic/uniquecounter/uniquecounter.sty
Package: uniquecounter 2019/12/15 v1.4 Provide unlimited unique counter (HO)
)
Package uniquecounter Info: New unique counter `rerunfilecheck' on input line 2
85.
)
\Hy@SectionHShift=\skip190
)
(/app/texlive/texmf-dist/tex/latex/memoir/memhfixc.sty
Package: memhfixc 2022/11/17 v1.20 nameref/hyperref package fixes for memoir cl
ass

Redoing nameref's sectioning
Redoing nameref's label
LaTeX Info: Redefining \nameref on input line 106.
\c@memhycontfloat=\count321
\c@Hpagenote=\count322
) (/app/texlive/texmf-dist/tex/latex/bookmark/bookmark.sty
Package: bookmark 2020-11-06 v1.29 PDF bookmarks (HO)

(/app/texlive/texmf-dist/tex/latex/bookmark/bkm-pdftex.def
File: bkm-pdftex.def 2020-11-06 v1.29 bookmark driver for pdfTeX (HO)
\BKM@id=\count323
))
(/app/texlive/texmf-dist/tex/generic/babel/babel.sty
Package: babel 2023/02/13 3.86 The Babel package
\babel@savecnt=\count324
\U@D=\dimen191
\l@unhyphenated=\language85

(/app/texlive/texmf-dist/tex/generic/babel/txtbabel.def)
\bbl@readstream=\read3
\bbl@dirlevel=\count325

(/app/texlive/texmf-dist/tex/generic/babel-english/english.ldf
Language: english 2017/06/06 v3.3r English support from the babel system
Package babel Info: Hyphen rules for 'canadian' set to \l@english
(babel)             (\language0). Reported on input line 102.
Package babel Info: Hyphen rules for 'australian' set to \l@ukenglish
(babel)             (\language8). Reported on input line 105.
Package babel Info: Hyphen rules for 'newzealand' set to \l@ukenglish
(babel)             (\language8). Reported on input line 108.
)
(/app/texlive/texmf-dist/tex/generic/babel-portuges/brazil.ldf
Language: portuges 2021/07/09 v1.2t Portuguese support from the babel system
Package babel Info: Hyphen rules for 'brazil' set to \l@portuguese
(babel)             (\language21). Reported on input line 111.
Package babel Info: Making " an active character on input line 143.
))
(/app/texlive/texmf-dist/tex/generic/babel/locale/en/babel-english.tex
Package babel Info: Importing font and identification data for english
(babel)             from babel-en.ini. Reported on input line 11.
)
(/app/texlive/texmf-dist/tex/latex/enumitem/enumitem.sty
Package: enumitem 2019/06/20 v3.9 Customized lists
\labelindent=\skip191
\enit@outerparindent=\dimen192
\enit@toks=\toks25
\enit@inbox=\box56
\enit@count@id=\count326
\enitdp@description=\count327
)
(/app/texlive/texmf-dist/tex/latex/tools/calc.sty
Package: calc 2017/05/25 v4.3 Infix arithmetic (KKT,FJ)
\calc@Acount=\count328
\calc@Bcount=\count329
\calc@Adimen=\dimen193
\calc@Bdimen=\dimen194
\calc@Askip=\skip192
\calc@Bskip=\skip193
LaTeX Info: Redefining \setlength on input line 80.
LaTeX Info: Redefining \addtolength on input line 81.
\calc@Ccount=\count330
\calc@Cskip=\skip194
)

******************************************************
Stock height and width: 845.04684pt by 597.50787pt
Top and edge trims: 0pt and 0pt
Page height and width: 845.04684pt by 597.50787pt
Text height and width: 704.60031pt by 455pt
Spine and edge margins: 85.35826pt and 56.9055pt
Upper and lower margins: 85.35826pt and 55.08827pt
Headheight and headsep: 13.6pt and 19.8738pt
Footskip: 27.46295pt
Columnsep and columnseprule: 10pt and 0pt
Marginparsep and marginparwidth: 7pt and 42.9055pt
Sidecapsep and sidecapwidth: 7pt and 49pt
Sidebarhsep and sidebarwidth: 7pt and 49pt
Sidebarvsep and sidebartopsep: 13.6pt and 0pt
Sidebarheight: 594.32022pt
Sidefoothsep and sidefootwidth: 7pt and 49pt
Sidefootvsep and sidefootheight: 13.6pt and 594.32022pt
******************************************************

\c@abntex@bookmarkcounter=\count331
\cftlastnumwidth=\skip195
\chapternamenumlength=\skip196
\ABNTEXcitacaorecuo=\skip197
\c@alineasi=\count332
\c@alineasii=\count333
\enitdp@alineas=\count334
\c@subalineasi=\count335
\enitdp@subalineas=\count336
\c@incisosi=\count337
\enitdp@incisos=\count338
\ABNTEXsignwidth=\skip198
\ABNTEXsignthickness=\skip199
\ABNTEXsignskip=\skip256
) (./lib/preambuloPPCIFCE.tex
(/app/texlive/texmf-dist/tex/latex/base/inputenc.sty
Package: inputenc 2021/02/14 v1.3d Input encoding file
\inpenc@prehook=\toks26
\inpenc@posthook=\toks27
)
(/app/texlive/texmf-dist/tex/latex/base/fontenc.sty
Package: fontenc 2021/04/29 v2.0v Standard LaTeX package
)
(/app/texlive/texmf-dist/tex/latex/psnfss/mathptmx.sty
Package: mathptmx 2020/03/25 PSNFSS-v9.3 Times w/ Math, improved (SPQR, WaS) 
LaTeX Font Info:    Redeclaring symbol font `operators' on input line 28.
LaTeX Font Info:    Overwriting symbol font `operators' in version `normal'
(Font)                  OT1/cmr/m/n --> OT1/ztmcm/m/n on input line 28.
LaTeX Font Info:    Overwriting symbol font `operators' in version `bold'
(Font)                  OT1/cmr/bx/n --> OT1/ztmcm/m/n on input line 28.
LaTeX Font Info:    Redeclaring symbol font `letters' on input line 29.
LaTeX Font Info:    Overwriting symbol font `letters' in version `normal'
(Font)                  OML/cmm/m/it --> OML/ztmcm/m/it on input line 29.
LaTeX Font Info:    Overwriting symbol font `letters' in version `bold'
(Font)                  OML/cmm/b/it --> OML/ztmcm/m/it on input line 29.
LaTeX Font Info:    Redeclaring symbol font `symbols' on input line 30.
LaTeX Font Info:    Overwriting symbol font `symbols' in version `normal'
(Font)                  OMS/cmsy/m/n --> OMS/ztmcm/m/n on input line 30.
LaTeX Font Info:    Overwriting symbol font `symbols' in version `bold'
(Font)                  OMS/cmsy/b/n --> OMS/ztmcm/m/n on input line 30.
LaTeX Font Info:    Redeclaring symbol font `largesymbols' on input line 31.
LaTeX Font Info:    Overwriting symbol font `largesymbols' in version `normal'
(Font)                  OMX/cmex/m/n --> OMX/ztmcm/m/n on input line 31.
LaTeX Font Info:    Overwriting symbol font `largesymbols' in version `bold'
(Font)                  OMX/cmex/m/n --> OMX/ztmcm/m/n on input line 31.
\symbold=\mathgroup4
\symitalic=\mathgroup5
LaTeX Font Info:    Redeclaring math alphabet \mathbf on input line 34.
LaTeX Font Info:    Overwriting math alphabet `\mathbf' in version `normal'
(Font)                  OT1/cmr/bx/n --> OT1/ptm/bx/n on input line 34.
LaTeX Font Info:    Overwriting math alphabet `\mathbf' in version `bold'
(Font)                  OT1/cmr/bx/n --> OT1/ptm/bx/n on input line 34.
LaTeX Font Info:    Redeclaring math alphabet \mathit on input line 35.
LaTeX Font Info:    Overwriting math alphabet `\mathit' in version `normal'
(Font)                  OT1/cmr/m/it --> OT1/ptm/m/it on input line 35.
LaTeX Font Info:    Overwriting math alphabet `\mathit' in version `bold'
(Font)                  OT1/cmr/bx/it --> OT1/ptm/m/it on input line 35.
LaTeX Info: Redefining \hbar on input line 50.
)
(/app/texlive/texmf-dist/tex/latex/amsmath/amsmath.sty
Package: amsmath 2022/04/08 v2.17n AMS math features
\@mathmargin=\skip257

For additional information on amsmath, use the `?' option.
(/app/texlive/texmf-dist/tex/latex/amsmath/amstext.sty
Package: amstext 2021/08/26 v2.01 AMS text

(/app/texlive/texmf-dist/tex/latex/amsmath/amsgen.sty
File: amsgen.sty 1999/11/30 v2.0 generic functions
\@emptytoks=\toks28
\ex@=\dimen195
))
(/app/texlive/texmf-dist/tex/latex/amsmath/amsbsy.sty
Package: amsbsy 1999/11/29 v1.2d Bold Symbols
\pmbraise@=\dimen196
)
(/app/texlive/texmf-dist/tex/latex/amsmath/amsopn.sty
Package: amsopn 2022/04/08 v2.04 operator names
)
\inf@bad=\count339
LaTeX Info: Redefining \frac on input line 234.
\uproot@=\count340
\leftroot@=\count341
LaTeX Info: Redefining \overline on input line 399.
LaTeX Info: Redefining \colon on input line 410.
\classnum@=\count342
\DOTSCASE@=\count343
LaTeX Info: Redefining \ldots on input line 496.
LaTeX Info: Redefining \dots on input line 499.
LaTeX Info: Redefining \cdots on input line 620.
\Mathstrutbox@=\box57
\strutbox@=\box58
LaTeX Info: Redefining \big on input line 722.
LaTeX Info: Redefining \Big on input line 723.
LaTeX Info: Redefining \bigg on input line 724.
LaTeX Info: Redefining \Bigg on input line 725.
\big@size=\dimen197
LaTeX Font Info:    Redeclaring font encoding OML on input line 743.
LaTeX Font Info:    Redeclaring font encoding OMS on input line 744.
\macc@depth=\count344
LaTeX Info: Redefining \bmod on input line 905.
LaTeX Info: Redefining \pmod on input line 910.
LaTeX Info: Redefining \smash on input line 940.
LaTeX Info: Redefining \relbar on input line 970.
LaTeX Info: Redefining \Relbar on input line 971.
\c@MaxMatrixCols=\count345
\dotsspace@=\muskip17
\c@parentequation=\count346
\dspbrk@lvl=\count347
\tag@help=\toks29
\row@=\count348
\column@=\count349
\maxfields@=\count350
\andhelp@=\toks30
\eqnshift@=\dimen198
\alignsep@=\dimen199
\tagshift@=\dimen256
\tagwidth@=\dimen257
\totwidth@=\dimen258
\lineht@=\dimen259
\@envbody=\toks31
\multlinegap=\skip258
\multlinetaggap=\skip259
\mathdisplay@stack=\toks32
LaTeX Info: Redefining \[ on input line 2953.
LaTeX Info: Redefining \] on input line 2954.
)
(/app/texlive/texmf-dist/tex/latex/amsfonts/amssymb.sty
Package: amssymb 2013/01/14 v3.01 AMS font symbols

(/app/texlive/texmf-dist/tex/latex/amsfonts/amsfonts.sty
Package: amsfonts 2013/01/14 v3.01 Basic AMSFonts support
\symAMSa=\mathgroup6
\symAMSb=\mathgroup7
LaTeX Font Info:    Overwriting math alphabet `\mathfrak' in version `bold'
(Font)                  U/euf/m/n --> U/euf/b/n on input line 106.
))
(/app/texlive/texmf-dist/tex/latex/amscls/amsthm.sty
Package: amsthm 2020/05/29 v2.20.6
\thm@style=\toks33
\thm@bodyfont=\toks34
\thm@headfont=\toks35
\thm@notefont=\toks36
\thm@headpunct=\toks37
\thm@preskip=\skip260
\thm@postskip=\skip261
\thm@headsep=\skip262
\dth@everypar=\toks38
)
(/app/texlive/texmf-dist/tex/latex/geometry/geometry.sty
Package: geometry 2020/01/02 v5.9 Page Geometry

(/app/texlive/texmf-dist/tex/generic/iftex/ifvtex.sty
Package: ifvtex 2019/10/25 v1.7 ifvtex legacy package. Use iftex instead.
)
\Gm@cnth=\count351
\Gm@cntv=\count352
\c@Gm@tempcnt=\count353
\Gm@bindingoffset=\dimen260
\Gm@wd@mp=\dimen261
\Gm@odd@mp=\dimen262
\Gm@even@mp=\dimen263
\Gm@layoutwidth=\dimen264
\Gm@layoutheight=\dimen265
\Gm@layouthoffset=\dimen266
\Gm@layoutvoffset=\dimen267
\Gm@dimlist=\toks39
)
(/app/texlive/texmf-dist/tex/latex/tools/indentfirst.sty
Package: indentfirst 1995/11/23 v1.03 Indent first paragraph (DPC)
)
(/app/texlive/texmf-dist/tex/latex/xcolor/xcolor.sty
Package: xcolor 2022/06/12 v2.14 LaTeX color extensions (UK)

(/app/texlive/texmf-dist/tex/latex/graphics-cfg/color.cfg
File: color.cfg 2016/01/02 v1.6 sample color configuration
)
Package xcolor Info: Driver file: pdftex.def on input line 227.

(/app/texlive/texmf-dist/tex/latex/graphics-def/pdftex.def
File: pdftex.def 2022/09/22 v1.2b Graphics/color driver for pdftex
)
(/app/texlive/texmf-dist/tex/latex/colortbl/colortbl.sty
Package: colortbl 2022/06/20 v1.0f Color table columns (DPC)
\everycr=\toks40
\minrowclearance=\skip263
\rownum=\count354
)
(/app/texlive/texmf-dist/tex/latex/graphics/mathcolor.ltx)
Package xcolor Info: Model `cmy' substituted by `cmy0' on input line 1353.
Package xcolor Info: Model `hsb' substituted by `rgb' on input line 1357.
Package xcolor Info: Model `RGB' extended on input line 1369.
Package xcolor Info: Model `HTML' substituted by `rgb' on input line 1371.
Package xcolor Info: Model `Hsb' substituted by `hsb' on input line 1372.
Package xcolor Info: Model `tHsb' substituted by `hsb' on input line 1373.
Package xcolor Info: Model `HSB' substituted by `hsb' on input line 1374.
Package xcolor Info: Model `Gray' substituted by `gray' on input line 1375.
Package xcolor Info: Model `wave' substituted by `hsb' on input line 1376.
)
(/app/texlive/texmf-dist/tex/latex/graphics/graphicx.sty
Package: graphicx 2021/09/16 v1.2d Enhanced LaTeX Graphics (DPC,SPQR)

(/app/texlive/texmf-dist/tex/latex/graphics/graphics.sty
Package: graphics 2022/03/10 v1.4e Standard LaTeX Graphics (DPC,SPQR)

(/app/texlive/texmf-dist/tex/latex/graphics/trig.sty
Package: trig 2021/08/11 v1.11 sin cos tan (DPC)
)
(/app/texlive/texmf-dist/tex/latex/graphics-cfg/graphics.cfg
File: graphics.cfg 2016/06/04 v1.11 sample graphics configuration
)
Package graphics Info: Driver file: pdftex.def on input line 107.
)
\Gin@req@height=\dimen268
\Gin@req@width=\dimen269
)
(/app/texlive/texmf-dist/tex/latex/subfig/subfig.sty
Package: subfig 2005/06/28 ver: 1.3 subfig package

(/app/texlive/texmf-dist/tex/latex/caption/caption.sty
Package: caption 2023/03/12 v3.6j Customizing captions (AR)

(/app/texlive/texmf-dist/tex/latex/caption/caption3.sty
Package: caption3 2023/03/12 v2.4 caption3 kernel (AR)
\caption@tempdima=\dimen270
\captionmargin=\dimen271
\caption@leftmargin=\dimen272
\caption@rightmargin=\dimen273
\caption@width=\dimen274
\caption@indent=\dimen275
\caption@parindent=\dimen276
\caption@hangindent=\dimen277
Package caption Info: memoir document class detected.

(/app/texlive/texmf-dist/tex/latex/caption/caption-memoir.sto
File: caption-memoir.sto 2022/03/02 v2.2b Adaption of the caption package to th
e memoir document class (AR)
))
\c@caption@flags=\count355
\c@continuedfloat=\count356
Package caption Info: changepage package is loaded.
\caption@adjustwidth@hsize=\dimen278
\caption@adjustwidth@linewidth=\dimen279
Package caption Info: hyperref package is loaded.
)
\c@KVtest=\count357
\sf@farskip=\skip264
\sf@captopadj=\dimen280
\sf@capskip=\skip265
\sf@nearskip=\skip266
\c@subfigure=\count358
\c@subfigure@save=\count359
\c@subtable=\count360
\c@subtable@save=\count361
\sf@top=\skip267
\sf@bottom=\skip268
)
(/app/texlive/texmf-dist/tex/latex/float/float.sty
Package: float 2001/11/08 v1.3d Float enhancements (AL)
\c@float@type=\count362
\float@exts=\toks41
\float@box=\box59
\@float@everytoks=\toks42
\@floatcapt=\box60
)
(/app/texlive/texmf-dist/tex/latex/graphics/lscape.sty
Package: lscape 2020/05/28 v3.02 Landscape Pages (DPC)
)
(/app/texlive/texmf-dist/tex/latex/pdfpages/pdfpages.sty
Package: pdfpages 2022/12/19 v0.5x Insert pages of external PDF documents (AM)

(/app/texlive/texmf-dist/tex/latex/eso-pic/eso-pic.sty
Package: eso-pic 2020/10/14 v3.0a eso-pic (RN)
\ESO@tempdima=\dimen281
\ESO@tempdimb=\dimen282
)
\AM@pagewidth=\dimen283
\AM@pageheight=\dimen284
\AM@fboxrule=\dimen285

(/app/texlive/texmf-dist/tex/latex/pdfpages/pppdftex.def
File: pppdftex.def 2022/12/19 v0.5x Pdfpages driver for pdfTeX (AM)
)
\pdfpages@includegraphics@status=\count363
\AM@pagebox=\box61
\AM@global@opts=\toks43
\AM@pagecnt=\count364
\AM@toc@title=\toks44
\AM@lof@heading=\toks45
\c@AM@survey=\count365
\AM@templatesizebox=\box62
)
(/app/texlive/texmf-dist/tex/latex/listings/listings.sty
\lst@mode=\count366
\lst@gtempboxa=\box63
\lst@token=\toks46
\lst@length=\count367
\lst@currlwidth=\dimen286
\lst@column=\count368
\lst@pos=\count369
\lst@lostspace=\dimen287
\lst@width=\dimen288
\lst@newlines=\count370
\lst@lineno=\count371
\lst@maxwidth=\dimen289

(/app/texlive/texmf-dist/tex/latex/listings/lstmisc.sty
File: lstmisc.sty 2023/02/27 1.9 (Carsten Heinz)
\c@lstnumber=\count372
\lst@skipnumbers=\count373
\lst@framebox=\box64
)
(/app/texlive/texmf-dist/tex/latex/listings/listings.cfg
File: listings.cfg 2023/02/27 1.9 listings configuration
))
Package: listings 2023/02/27 1.9 (Carsten Heinz)

(/app/texlive/texmf-dist/tex/latex/listings/lstlang1.sty
File: lstlang1.sty 2023/02/27 1.9 listings language file
)
(/app/texlive/texmf-dist/tex/latex/tools/multicol.sty
Package: multicol 2021/11/30 v1.9d multicolumn formatting (FMi)
\c@tracingmulticols=\count374
\mult@box=\box65
\multicol@leftmargin=\dimen290
\c@unbalance=\count375
\c@collectmore=\count376
\doublecol@number=\count377
\multicoltolerance=\count378
\multicolpretolerance=\count379
\full@width=\dimen291
\page@free=\dimen292
\premulticols=\dimen293
\postmulticols=\dimen294
\multicolsep=\skip269
\multicolbaselineskip=\skip270
\partial@page=\box66
\last@line=\box67
\maxbalancingoverflow=\dimen295
\mult@rightbox=\box68
\mult@grightbox=\box69
\mult@firstbox=\box70
\mult@gfirstbox=\box71
\@tempa=\box72
\@tempa=\box73
\@tempa=\box74
\@tempa=\box75
\@tempa=\box76
\@tempa=\box77
\@tempa=\box78
\@tempa=\box79
\@tempa=\box80
\@tempa=\box81
\@tempa=\box82
\@tempa=\box83
\@tempa=\box84
\@tempa=\box85
\@tempa=\box86
\@tempa=\box87
\@tempa=\box88
\@tempa=\box89
\@tempa=\box90
\@tempa=\box91
\@tempa=\box92
\@tempa=\box93
\@tempa=\box94
\@tempa=\box95
\@tempa=\box96
\@tempa=\box97
\@tempa=\box98
\@tempa=\box99
\@tempa=\box100
\@tempa=\box101
\@tempa=\box102
\@tempa=\box103
\@tempa=\box104
\@tempa=\box105
\@tempa=\box106
\@tempa=\box107
\c@minrows=\count380
\c@columnbadness=\count381
\c@finalcolumnbadness=\count382
\last@try=\dimen296
\multicolovershoot=\dimen297
\multicolundershoot=\dimen298
\mult@nat@firstbox=\box108
\colbreak@box=\box109
\mc@col@check@num=\count383
)
(/app/texlive/texmf-dist/tex/latex/pgfgantt/pgfgantt.sty
Package: pgfgantt 2018/01/10 v5.0 Draw Gantt diagrams with TikZ

(/app/texlive/texmf-dist/tex/latex/pgf/frontendlayer/tikz.sty
(/app/texlive/texmf-dist/tex/latex/pgf/basiclayer/pgf.sty
(/app/texlive/texmf-dist/tex/latex/pgf/utilities/pgfrcs.sty
(/app/texlive/texmf-dist/tex/generic/pgf/utilities/pgfutil-common.tex
\pgfutil@everybye=\toks47
\pgfutil@tempdima=\dimen299
\pgfutil@tempdimb=\dimen300
)
(/app/texlive/texmf-dist/tex/generic/pgf/utilities/pgfutil-latex.def
\pgfutil@abb=\box110
)
(/app/texlive/texmf-dist/tex/generic/pgf/utilities/pgfrcs.code.tex
(/app/texlive/texmf-dist/tex/generic/pgf/pgf.revision.tex)
Package: pgfrcs 2023-01-15 v3.1.10 (3.1.10)
))
Package: pgf 2023-01-15 v3.1.10 (3.1.10)

(/app/texlive/texmf-dist/tex/latex/pgf/basiclayer/pgfcore.sty
(/app/texlive/texmf-dist/tex/latex/pgf/systemlayer/pgfsys.sty
(/app/texlive/texmf-dist/tex/generic/pgf/systemlayer/pgfsys.code.tex
Package: pgfsys 2023-01-15 v3.1.10 (3.1.10)

(/app/texlive/texmf-dist/tex/generic/pgf/utilities/pgfkeys.code.tex
\pgfkeys@pathtoks=\toks48
\pgfkeys@temptoks=\toks49

(/app/texlive/texmf-dist/tex/generic/pgf/utilities/pgfkeyslibraryfiltered.code.
tex
\pgfkeys@tmptoks=\toks50
))
\pgf@x=\dimen301
\pgf@y=\dimen302
\pgf@xa=\dimen303
\pgf@ya=\dimen304
\pgf@xb=\dimen305
\pgf@yb=\dimen306
\pgf@xc=\dimen307
\pgf@yc=\dimen308
\pgf@xd=\dimen309
\pgf@yd=\dimen310
\w@pgf@writea=\write4
\r@pgf@reada=\read4
\c@pgf@counta=\count384
\c@pgf@countb=\count385
\c@pgf@countc=\count386
\c@pgf@countd=\count387
\t@pgf@toka=\toks51
\t@pgf@tokb=\toks52
\t@pgf@tokc=\toks53
\pgf@sys@id@count=\count388
 (/app/texlive/texmf-dist/tex/generic/pgf/systemlayer/pgf.cfg
File: pgf.cfg 2023-01-15 v3.1.10 (3.1.10)
)
Driver file for pgf: pgfsys-pdftex.def

(/app/texlive/texmf-dist/tex/generic/pgf/systemlayer/pgfsys-pdftex.def
File: pgfsys-pdftex.def 2023-01-15 v3.1.10 (3.1.10)

(/app/texlive/texmf-dist/tex/generic/pgf/systemlayer/pgfsys-common-pdf.def
File: pgfsys-common-pdf.def 2023-01-15 v3.1.10 (3.1.10)
)))
(/app/texlive/texmf-dist/tex/generic/pgf/systemlayer/pgfsyssoftpath.code.tex
File: pgfsyssoftpath.code.tex 2023-01-15 v3.1.10 (3.1.10)
\pgfsyssoftpath@smallbuffer@items=\count389
\pgfsyssoftpath@bigbuffer@items=\count390
)
(/app/texlive/texmf-dist/tex/generic/pgf/systemlayer/pgfsysprotocol.code.tex
File: pgfsysprotocol.code.tex 2023-01-15 v3.1.10 (3.1.10)
))
(/app/texlive/texmf-dist/tex/generic/pgf/basiclayer/pgfcore.code.tex
Package: pgfcore 2023-01-15 v3.1.10 (3.1.10)

(/app/texlive/texmf-dist/tex/generic/pgf/math/pgfmath.code.tex
(/app/texlive/texmf-dist/tex/generic/pgf/math/pgfmathutil.code.tex)
(/app/texlive/texmf-dist/tex/generic/pgf/math/pgfmathparser.code.tex
\pgfmath@dimen=\dimen311
\pgfmath@count=\count391
\pgfmath@box=\box111
\pgfmath@toks=\toks54
\pgfmath@stack@operand=\toks55
\pgfmath@stack@operation=\toks56
)
(/app/texlive/texmf-dist/tex/generic/pgf/math/pgfmathfunctions.code.tex)
(/app/texlive/texmf-dist/tex/generic/pgf/math/pgfmathfunctions.basic.code.tex)
(/app/texlive/texmf-dist/tex/generic/pgf/math/pgfmathfunctions.trigonometric.co
de.tex)
(/app/texlive/texmf-dist/tex/generic/pgf/math/pgfmathfunctions.random.code.tex)

(/app/texlive/texmf-dist/tex/generic/pgf/math/pgfmathfunctions.comparison.code.
tex)
(/app/texlive/texmf-dist/tex/generic/pgf/math/pgfmathfunctions.base.code.tex)
(/app/texlive/texmf-dist/tex/generic/pgf/math/pgfmathfunctions.round.code.tex)
(/app/texlive/texmf-dist/tex/generic/pgf/math/pgfmathfunctions.misc.code.tex)
(/app/texlive/texmf-dist/tex/generic/pgf/math/pgfmathfunctions.integerarithmeti
cs.code.tex) (/app/texlive/texmf-dist/tex/generic/pgf/math/pgfmathcalc.code.tex
) (/app/texlive/texmf-dist/tex/generic/pgf/math/pgfmathfloat.code.tex
\c@pgfmathroundto@lastzeros=\count392
))
(/app/texlive/texmf-dist/tex/generic/pgf/math/pgfint.code.tex)
(/app/texlive/texmf-dist/tex/generic/pgf/basiclayer/pgfcorepoints.code.tex
File: pgfcorepoints.code.tex 2023-01-15 v3.1.10 (3.1.10)
\pgf@picminx=\dimen312
\pgf@picmaxx=\dimen313
\pgf@picminy=\dimen314
\pgf@picmaxy=\dimen315
\pgf@pathminx=\dimen316
\pgf@pathmaxx=\dimen317
\pgf@pathminy=\dimen318
\pgf@pathmaxy=\dimen319
\pgf@xx=\dimen320
\pgf@xy=\dimen321
\pgf@yx=\dimen322
\pgf@yy=\dimen323
\pgf@zx=\dimen324
\pgf@zy=\dimen325
)
(/app/texlive/texmf-dist/tex/generic/pgf/basiclayer/pgfcorepathconstruct.code.t
ex
File: pgfcorepathconstruct.code.tex 2023-01-15 v3.1.10 (3.1.10)
\pgf@path@lastx=\dimen326
\pgf@path@lasty=\dimen327
)
(/app/texlive/texmf-dist/tex/generic/pgf/basiclayer/pgfcorepathusage.code.tex
File: pgfcorepathusage.code.tex 2023-01-15 v3.1.10 (3.1.10)
\pgf@shorten@end@additional=\dimen328
\pgf@shorten@start@additional=\dimen329
)
(/app/texlive/texmf-dist/tex/generic/pgf/basiclayer/pgfcorescopes.code.tex
File: pgfcorescopes.code.tex 2023-01-15 v3.1.10 (3.1.10)
\pgfpic=\box112
\pgf@hbox=\box113
\pgf@layerbox@main=\box114
\pgf@picture@serial@count=\count393
)
(/app/texlive/texmf-dist/tex/generic/pgf/basiclayer/pgfcoregraphicstate.code.te
x
File: pgfcoregraphicstate.code.tex 2023-01-15 v3.1.10 (3.1.10)
\pgflinewidth=\dimen330
)
(/app/texlive/texmf-dist/tex/generic/pgf/basiclayer/pgfcoretransformations.code
.tex
File: pgfcoretransformations.code.tex 2023-01-15 v3.1.10 (3.1.10)
\pgf@pt@x=\dimen331
\pgf@pt@y=\dimen332
\pgf@pt@temp=\dimen333
) (/app/texlive/texmf-dist/tex/generic/pgf/basiclayer/pgfcorequick.code.tex
File: pgfcorequick.code.tex 2023-01-15 v3.1.10 (3.1.10)
) (/app/texlive/texmf-dist/tex/generic/pgf/basiclayer/pgfcoreobjects.code.tex
File: pgfcoreobjects.code.tex 2023-01-15 v3.1.10 (3.1.10)
)
(/app/texlive/texmf-dist/tex/generic/pgf/basiclayer/pgfcorepathprocessing.code.
tex
File: pgfcorepathprocessing.code.tex 2023-01-15 v3.1.10 (3.1.10)
) (/app/texlive/texmf-dist/tex/generic/pgf/basiclayer/pgfcorearrows.code.tex
File: pgfcorearrows.code.tex 2023-01-15 v3.1.10 (3.1.10)
\pgfarrowsep=\dimen334
) (/app/texlive/texmf-dist/tex/generic/pgf/basiclayer/pgfcoreshade.code.tex
File: pgfcoreshade.code.tex 2023-01-15 v3.1.10 (3.1.10)
\pgf@max=\dimen335
\pgf@sys@shading@range@num=\count394
\pgf@shadingcount=\count395
)
(/app/texlive/texmf-dist/tex/generic/pgf/basiclayer/pgfcoreimage.code.tex
File: pgfcoreimage.code.tex 2023-01-15 v3.1.10 (3.1.10)
)
(/app/texlive/texmf-dist/tex/generic/pgf/basiclayer/pgfcoreexternal.code.tex
File: pgfcoreexternal.code.tex 2023-01-15 v3.1.10 (3.1.10)
\pgfexternal@startupbox=\box115
)
(/app/texlive/texmf-dist/tex/generic/pgf/basiclayer/pgfcorelayers.code.tex
File: pgfcorelayers.code.tex 2023-01-15 v3.1.10 (3.1.10)
)
(/app/texlive/texmf-dist/tex/generic/pgf/basiclayer/pgfcoretransparency.code.te
x
File: pgfcoretransparency.code.tex 2023-01-15 v3.1.10 (3.1.10)
) (/app/texlive/texmf-dist/tex/generic/pgf/basiclayer/pgfcorepatterns.code.tex
File: pgfcorepatterns.code.tex 2023-01-15 v3.1.10 (3.1.10)
) (/app/texlive/texmf-dist/tex/generic/pgf/basiclayer/pgfcorerdf.code.tex
File: pgfcorerdf.code.tex 2023-01-15 v3.1.10 (3.1.10)
)))
(/app/texlive/texmf-dist/tex/generic/pgf/modules/pgfmoduleshapes.code.tex
File: pgfmoduleshapes.code.tex 2023-01-15 v3.1.10 (3.1.10)
\pgfnodeparttextbox=\box116
)
(/app/texlive/texmf-dist/tex/generic/pgf/modules/pgfmoduleplot.code.tex
File: pgfmoduleplot.code.tex 2023-01-15 v3.1.10 (3.1.10)
)
(/app/texlive/texmf-dist/tex/latex/pgf/compatibility/pgfcomp-version-0-65.sty
Package: pgfcomp-version-0-65 2023-01-15 v3.1.10 (3.1.10)
\pgf@nodesepstart=\dimen336
\pgf@nodesepend=\dimen337
)
(/app/texlive/texmf-dist/tex/latex/pgf/compatibility/pgfcomp-version-1-18.sty
Package: pgfcomp-version-1-18 2023-01-15 v3.1.10 (3.1.10)
)) (/app/texlive/texmf-dist/tex/latex/pgf/utilities/pgffor.sty
(/app/texlive/texmf-dist/tex/latex/pgf/utilities/pgfkeys.sty
(/app/texlive/texmf-dist/tex/generic/pgf/utilities/pgfkeys.code.tex))
(/app/texlive/texmf-dist/tex/latex/pgf/math/pgfmath.sty
(/app/texlive/texmf-dist/tex/generic/pgf/math/pgfmath.code.tex))
(/app/texlive/texmf-dist/tex/generic/pgf/utilities/pgffor.code.tex
Package: pgffor 2023-01-15 v3.1.10 (3.1.10)
\pgffor@iter=\dimen338
\pgffor@skip=\dimen339
\pgffor@stack=\toks57
\pgffor@toks=\toks58
))
(/app/texlive/texmf-dist/tex/generic/pgf/frontendlayer/tikz/tikz.code.tex
Package: tikz 2023-01-15 v3.1.10 (3.1.10)

(/app/texlive/texmf-dist/tex/generic/pgf/libraries/pgflibraryplothandlers.code.
tex
File: pgflibraryplothandlers.code.tex 2023-01-15 v3.1.10 (3.1.10)
\pgf@plot@mark@count=\count396
\pgfplotmarksize=\dimen340
)
\tikz@lastx=\dimen341
\tikz@lasty=\dimen342
\tikz@lastxsaved=\dimen343
\tikz@lastysaved=\dimen344
\tikz@lastmovetox=\dimen345
\tikz@lastmovetoy=\dimen346
\tikzleveldistance=\dimen347
\tikzsiblingdistance=\dimen348
\tikz@figbox=\box117
\tikz@figbox@bg=\box118
\tikz@tempbox=\box119
\tikz@tempbox@bg=\box120
\tikztreelevel=\count397
\tikznumberofchildren=\count398
\tikznumberofcurrentchild=\count399
\tikz@fig@count=\count400
 (/app/texlive/texmf-dist/tex/generic/pgf/modules/pgfmodulematrix.code.tex
File: pgfmodulematrix.code.tex 2023-01-15 v3.1.10 (3.1.10)
\pgfmatrixcurrentrow=\count401
\pgfmatrixcurrentcolumn=\count402
\pgf@matrix@numberofcolumns=\count403
)
\tikz@expandcount=\count404

(/app/texlive/texmf-dist/tex/generic/pgf/frontendlayer/tikz/libraries/tikzlibra
rytopaths.code.tex
File: tikzlibrarytopaths.code.tex 2023-01-15 v3.1.10 (3.1.10)
)))
(/app/texlive/texmf-dist/tex/generic/pgf/frontendlayer/tikz/libraries/tikzlibra
ryarrows.code.tex
File: tikzlibraryarrows.code.tex 2023-01-15 v3.1.10 (3.1.10)

(/app/texlive/texmf-dist/tex/generic/pgf/libraries/pgflibraryarrows.code.tex
File: pgflibraryarrows.code.tex 2023-01-15 v3.1.10 (3.1.10)
\arrowsize=\dimen349
))
(/app/texlive/texmf-dist/tex/generic/pgf/frontendlayer/tikz/libraries/tikzlibra
rybackgrounds.code.tex
File: tikzlibrarybackgrounds.code.tex 2023-01-15 v3.1.10 (3.1.10)
\pgf@layerbox@background=\box121
\pgf@layerboxsaved@background=\box122
)
(/app/texlive/texmf-dist/tex/generic/pgf/frontendlayer/tikz/libraries/tikzlibra
rycalc.code.tex
File: tikzlibrarycalc.code.tex 2023-01-15 v3.1.10 (3.1.10)
)
(/app/texlive/texmf-dist/tex/generic/pgf/frontendlayer/tikz/libraries/tikzlibra
rypatterns.code.tex
File: tikzlibrarypatterns.code.tex 2023-01-15 v3.1.10 (3.1.10)

(/app/texlive/texmf-dist/tex/generic/pgf/libraries/pgflibrarypatterns.code.tex
File: pgflibrarypatterns.code.tex 2023-01-15 v3.1.10 (3.1.10)
))
(/app/texlive/texmf-dist/tex/generic/pgf/frontendlayer/tikz/libraries/tikzlibra
rypositioning.code.tex
File: tikzlibrarypositioning.code.tex 2023-01-15 v3.1.10 (3.1.10)
)
(/app/texlive/texmf-dist/tex/generic/pgf/frontendlayer/tikz/libraries/tikzlibra
ryshapes.geometric.code.tex
File: tikzlibraryshapes.geometric.code.tex 2023-01-15 v3.1.10 (3.1.10)

(/app/texlive/texmf-dist/tex/generic/pgf/libraries/shapes/pgflibraryshapes.geom
etric.code.tex
File: pgflibraryshapes.geometric.code.tex 2023-01-15 v3.1.10 (3.1.10)
))
(/app/texlive/texmf-dist/tex/latex/pgf/utilities/pgfcalendar.sty
(/app/texlive/texmf-dist/tex/generic/pgf/utilities/pgfcalendar.code.tex
File: pgfcalendar.code.tex 2023-01-15 v3.1.10 (3.1.10)
\pgfcalendarcurrentjulian=\count405
\pgf@cal@easter@Y=\count406
\pgf@cal@easter@G=\count407
\pgf@cal@easter@C=\count408
\pgf@cal@easter@X=\count409
\pgf@cal@easter@Z=\count410
\pgf@cal@easter@D=\count411
\pgf@cal@easter@E=\count412
\pgf@cal@easter@N=\count413
\pgf@cal@easter@M=\count414
\pgf@cal@easter@julianday=\count415
))
\gtt@currentline=\count416
\gtt@lasttitleline=\count417
\gtt@currgrid=\count418
\gtt@chartwidth=\count419
\gtt@lasttitleslot=\count420
\gtt@elementid=\count421
\gtt@today@slot=\count422
\gtt@startjulian=\count423
\gtt@endjulian=\count424
\gtt@chartid=\count425
\gtt@vrule@slot=\count426
\gtt@calendar@slots=\count427
\gtt@calendar@weeknumber=\count428
\gtt@calendar@startofweek=\count429
\gtt@left@slot=\count430
\gtt@right@slot=\count431
)
(/app/texlive/texmf-dist/tex/latex/glossaries/base/glossaries.sty
Package: glossaries 2022/11/03 v4.52 (NLCT)

(/app/texlive/texmf-dist/tex/latex/xkeyval/xkeyval.sty
Package: xkeyval 2022/06/16 v2.9 package option processing (HA)

(/app/texlive/texmf-dist/tex/generic/xkeyval/xkeyval.tex
(/app/texlive/texmf-dist/tex/generic/xkeyval/xkvutils.tex
\XKV@toks=\toks59
\XKV@tempa@toks=\toks60
)
\XKV@depth=\count432
File: xkeyval.tex 2014/12/03 v2.7a key=value parser (HA)
))
(/app/texlive/texmf-dist/tex/latex/mfirstuc/mfirstuc.sty
Package: mfirstuc 2022/10/14 v2.08 (NLCT)
\@glsmfirst=\toks61
\@glsmrest=\toks62
)
(/app/texlive/texmf-dist/tex/latex/xfor/xfor.sty
Package: xfor 2009/02/05 v1.05 (NLCT)
)
(/app/texlive/texmf-dist/tex/latex/datatool/datatool-base.sty
Package: datatool-base 2019/09/27 v2.32 (NLCT)

(/app/texlive/texmf-dist/tex/latex/substr/substr.sty
Package: substr 2009/10/20 v1.2 Handle substrings
\c@su@anzahl=\count433
)
(/app/texlive/texmf-dist/tex/latex/datatool/datatool-fp.sty
Package: datatool-fp 2019/09/27 v2.32 (NLCT)

(/app/texlive/texmf-dist/tex/latex/fp/fp.sty
Package: fp 1995/04/02

`Fixed Point Package', Version 0.8, April 2, 1995 (C) Michael Mehlich
(/app/texlive/texmf-dist/tex/latex/fp/defpattern.sty
Package: defpattern 1994/10/12
\actioncount=\count434
)
(/app/texlive/texmf-dist/tex/latex/fp/fp-basic.sty
Package: fp-basic 1996/05/13
\FP@xs=\count435
\FP@xia=\count436
\FP@xib=\count437
\FP@xfa=\count438
\FP@xfb=\count439
\FP@rega=\count440
\FP@regb=\count441
\FP@regs=\count442
\FP@times=\count443
)
(/app/texlive/texmf-dist/tex/latex/fp/fp-addons.sty
Package: fp-addons 1995/03/15
)
(/app/texlive/texmf-dist/tex/latex/fp/fp-snap.sty
Package: fp-snap 1995/04/05
)
(/app/texlive/texmf-dist/tex/latex/fp/fp-exp.sty
Package: fp-exp 1995/04/03
)
(/app/texlive/texmf-dist/tex/latex/fp/fp-trigo.sty
Package: fp-trigo 1995/04/14
)
(/app/texlive/texmf-dist/tex/latex/fp/fp-pas.sty
Package: fp-pas 1994/08/29
)
(/app/texlive/texmf-dist/tex/latex/fp/fp-random.sty
Package: fp-random 1995/02/23
\FPseed=\count444
)
(/app/texlive/texmf-dist/tex/latex/fp/fp-eqn.sty
Package: fp-eqn 1995/04/03
)
(/app/texlive/texmf-dist/tex/latex/fp/fp-upn.sty
Package: fp-upn 1996/10/21
)
(/app/texlive/texmf-dist/tex/latex/fp/fp-eval.sty
Package: fp-eval 1995/04/03
)))
\@dtl@toks=\toks63
\@dtl@tmpcount=\count445
\dtl@tmplength=\skip271
\dtl@sortresult=\count446
\@dtl@numgrpsepcount=\count447
\@dtl@datatype=\count448
\dtl@codeA=\count449
\dtl@codeB=\count450
\@dtl@foreach@level=\count451
)
(/app/texlive/texmf-dist/tex/latex/tracklang/tracklang.sty
Package: tracklang 2022/12/13 v1.6.1 (NLCT) Track Languages

(/app/texlive/texmf-dist/tex/generic/tracklang/tracklang.tex))
(/app/texlive/texmf-dist/tex/latex/translator/translator.sty
Package: translator 2021-05-31 v1.12d Easy translation of strings in LaTeX
LaTeX Info: Redefining \translate on input line 184.
)
(/app/texlive/texmf-dist/tex/latex/glossaries-english/glossaries-english.ldf
File: glossaries-english.ldf 2014/11/23 v1.0
)
(/app/texlive/texmf-dist/tex/latex/glossaries-portuges/glossaries-pt-BR.ldf
File: glossaries-pt-BR.ldf 2014/11/23 v1.0

(/app/texlive/texmf-dist/tex/latex/glossaries-portuges/glossaries-portuges-utf8
.ldf))
\gls@level=\count452
\@gls@tmpb=\toks64
\gls@tmplen=\skip272


Package glossaries Warning: Overriding \printglossary on input line 6157.


Package glossaries Warning: Overriding `theglossary' environment on input line 
6751.

\glskeylisttok=\toks65
\glslabeltok=\toks66
\glsshorttok=\toks67
\glslongtok=\toks68
(/app/texlive/texmf-dist/tex/latex/glossaries/styles/glossary-hypernav.sty
Package: glossary-hypernav 2022/11/03 v4.52 (NLCT)
)
(/app/texlive/texmf-dist/tex/latex/glossaries/styles/glossary-list.sty
Package: glossary-list 2022/11/03 v4.52 (NLCT)
\glslistdottedwidth=\skip273
)
(/app/texlive/texmf-dist/tex/latex/glossaries/styles/glossary-long.sty
Package: glossary-long 2022/11/03 v4.52 (NLCT)

(/app/texlive/texmf-dist/tex/latex/tools/longtable.sty
Package: longtable 2021-09-01 v4.17 Multi-page Table package (DPC)
\LTleft=\skip274
\LTright=\skip275
\LTpre=\skip276
\LTpost=\skip277
\LTchunksize=\count453
\LTcapwidth=\dimen350
\LT@head=\box123
\LT@firsthead=\box124
\LT@foot=\box125
\LT@lastfoot=\box126
\LT@gbox=\box127
\LT@cols=\count454
\LT@rows=\count455
\c@LT@tables=\count456
\c@LT@chunks=\count457
\LT@p@ftn=\toks69
)
\glsdescwidth=\skip278
\glspagelistwidth=\skip279
)
(/app/texlive/texmf-dist/tex/latex/glossaries/styles/glossary-super.sty
Package: glossary-super 2022/11/03 v4.52 (NLCT)

(/app/texlive/texmf-dist/tex/latex/supertabular/supertabular.sty
Package: supertabular 2020/02/02 v4.1g the supertabular environment
\c@tracingst=\count458
\ST@wd=\dimen351
\ST@rightskip=\skip280
\ST@leftskip=\skip281
\ST@parfillskip=\skip282
\ST@pageleft=\dimen352
\ST@headht=\dimen353
\ST@tailht=\dimen354
\ST@pagesofar=\dimen355
\ST@pboxht=\dimen356
\ST@lineht=\dimen357
\ST@prevht=\dimen358
\ST@toadd=\dimen359
\ST@dimen=\dimen360
\ST@pbox=\box128
))
(/app/texlive/texmf-dist/tex/latex/glossaries/styles/glossary-tree.sty
Package: glossary-tree 2022/11/03 v4.52 (NLCT)
\glstreeindent=\skip283
))
\glswrite=\write5
\glo@main@file=\write6
\openout6 = `PCC_ECA_2026.glo'.

Package glossaries Info: Writing glossary file PCC_ECA_2026.glo on input line 5
9.

(./3-pos-textuais/glossario.tex)
(/app/texlive/texmf-dist/tex/latex/abntex2/abntex2cite.sty
Package: abntex2cite 2018/11/24 v-1.9.7 abnTeX2

(/app/texlive/texmf-dist/tex/latex/abntex2/abntex2abrev.sty)
\minimumbiblabelwidth=\skip284
\ABCIauxlen=\skip285
\c@ABCIaux=\count459
\c@ABCImax=\count460

(/app/texlive/texmf-dist/tex/generic/iftex/ifpdf.sty
Package: ifpdf 2019/10/25 v3.4 ifpdf legacy package. Use iftex instead.
)
(/app/texlive/texmf-dist/tex/generic/iftex/ifxetex.sty
Package: ifxetex 2019/10/25 v0.7 ifxetex legacy package. Use iftex instead.
)
(/app/texlive/texmf-dist/tex/latex/relsize/relsize.sty
Package: relsize 2013/03/29 ver 4.1
)
\biblabelsep=\skip286
LaTeX Info: Redefining \newblock on input line 591.
LaTeX Info: Redefining \cite on input line 618.
\ABCItoken=\toks70
)
(/app/texlive/texmf-dist/tex/generic/pgf/frontendlayer/tikz/libraries/tikzlibra
rypetri.code.tex
File: tikzlibrarypetri.code.tex 2023-01-15 v3.1.10 (3.1.10)
)
(/app/texlive/texmf-dist/tex/latex/algorithm2e/algorithm2e.sty
Package: algorithm2e 2017/07/18 v5.2 algorithms environments
\c@AlgoLine=\count461
\algocf@hangindent=\skip287

(/app/texlive/texmf-dist/tex/latex/ifoddpage/ifoddpage.sty
Package: ifoddpage 2022/10/18 v1.2 Conditionals for odd/even page detection
\c@checkoddpage=\count462
LaTeX Info: Redefining \checkoddpage on input line 45.
)
(/app/texlive/texmf-dist/tex/latex/tools/xspace.sty
Package: xspace 2014/10/28 v1.13 Space after command names (DPC,MH)
)
\skiptotal=\skip288
\skiplinenumber=\skip289
\skiprule=\skip290
\skiphlne=\skip291
\skiptext=\skip292
\skiplength=\skip293
\algomargin=\skip294
\skipalgocfslide=\skip295
\algowidth=\dimen361
\inoutsize=\dimen362
\inoutindent=\dimen363
\interspacetitleruled=\dimen364
\interspacealgoruled=\dimen365
\interspacetitleboxruled=\dimen366
\algocf@ruledwidth=\skip296
\algocf@inoutbox=\box129
\algocf@inputbox=\box130
\AlCapSkip=\skip297
\AlCapHSkip=\skip298
\algoskipindent=\skip299
\algocf@nlbox=\box131
\algocf@hangingbox=\box132
\algocf@untilbox=\box133
\algocf@skipuntil=\skip300
\algocf@capbox=\box134
\algocf@lcaptionbox=\skip301
\algoheightruledefault=\skip302
\algoheightrule=\skip303
\algotitleheightruledefault=\skip304
\algotitleheightrule=\skip305
\c@algocfline=\count463
\c@algocfproc=\count464
\c@algocf=\count465
\algocf@algoframe=\box135
\algocf@algobox=\box136
)
Package hyperref Info: Option `colorlinks' set `true' on input line 85.

(/app/texlive/texmf-dist/tex/latex/orcidlink/orcidlink.sty
Package: orcidlink 2021/06/11 v1.0.4 Linked ORCiD logo macro package

(/app/texlive/texmf-dist/tex/generic/pgf/frontendlayer/tikz/libraries/tikzlibra
rysvg.path.code.tex
File: tikzlibrarysvg.path.code.tex 2023-01-15 v3.1.10 (3.1.10)

(/app/texlive/texmf-dist/tex/generic/pgf/libraries/pgflibrarysvg.path.code.tex
File: pgflibrarysvg.path.code.tex 2023-01-15 v3.1.10 (3.1.10)

(/app/texlive/texmf-dist/tex/generic/pgf/modules/pgfmoduleparser.code.tex
File: pgfmoduleparser.code.tex 2023-01-15 v3.1.10 (3.1.10)
\pgfparserdef@arg@count=\count466
)
\pgf@lib@svg@last@x=\dimen367
\pgf@lib@svg@last@y=\dimen368
\pgf@lib@svg@last@c@x=\dimen369
\pgf@lib@svg@last@c@y=\dimen370
\pgf@lib@svg@count=\count467
\pgf@lib@svg@max@num=\count468
))
\@curXheight=\skip306
)
(/app/texlive/texmf-dist/tex/latex/fancyhdr/fancyhdr.sty
Package: fancyhdr 2022/11/09 v4.1 Extensive control of page headers and footers

\f@nch@headwidth=\skip307
\f@nch@O@elh=\skip308
\f@nch@O@erh=\skip309
\f@nch@O@olh=\skip310
\f@nch@O@orh=\skip311
\f@nch@O@elf=\skip312
\f@nch@O@erf=\skip313
\f@nch@O@olf=\skip314
\f@nch@O@orf=\skip315
))
(./lib/ComandosTags.tex)
LaTeX Font Info:    Trying to load font information for T1+ptm on input line 6.

 (/app/texlive/texmf-dist/tex/latex/psnfss/t1ptm.fd
File: t1ptm.fd 2001/06/04 font definitions for T1/ptm.
)
(/app/texlive/texmf-dist/tex/latex/l3backend/l3backend-pdftex.def
File: l3backend-pdftex.def 2023-01-16 L3 backend support: PDF output (pdfTeX)
\l__color_backend_stack_int=\count469
\l__pdf_internal_box=\box137
)
(./PCC_ECA_2026.aux (./1-pre-textuais/CapaECA.aux)

LaTeX Warning: Label `tab7' multiply defined.

(./3-pos-textuais/anexos.aux

LaTeX Warning: Label `anexoImovel' multiply defined.


LaTeX Warning: Label `anexoImovel' multiply defined.

))
\openout1 = `PCC_ECA_2026.aux'.

LaTeX Font Info:    Checking defaults for OML/cmm/m/it on input line 6.
LaTeX Font Info:    ... okay on input line 6.
LaTeX Font Info:    Checking defaults for OMS/cmsy/m/n on input line 6.
LaTeX Font Info:    ... okay on input line 6.
LaTeX Font Info:    Checking defaults for OT1/cmr/m/n on input line 6.
LaTeX Font Info:    ... okay on input line 6.
LaTeX Font Info:    Checking defaults for T1/cmr/m/n on input line 6.
LaTeX Font Info:    ... okay on input line 6.
LaTeX Font Info:    Checking defaults for TS1/cmr/m/n on input line 6.
LaTeX Font Info:    ... okay on input line 6.
LaTeX Font Info:    Checking defaults for OMX/cmex/m/n on input line 6.
LaTeX Font Info:    ... okay on input line 6.
LaTeX Font Info:    Checking defaults for U/cmr/m/n on input line 6.
LaTeX Font Info:    ... okay on input line 6.
LaTeX Font Info:    Checking defaults for PD1/pdf/m/n on input line 6.
LaTeX Font Info:    ... okay on input line 6.
LaTeX Font Info:    Checking defaults for PU/pdf/m/n on input line 6.
LaTeX Font Info:    ... okay on input line 6.
Package hyperref Info: Link coloring ON on input line 6.
\myptabbox=\box138
\myptabboxwidth=\skip316

*geometry* driver: auto-detecting
*geometry* detected driver: pdftex
*geometry* verbose mode - [ preamble ] result:
* driver: pdftex
* paper: a4paper
* layout: <same size as paper>
* layoutoffset:(h,v)=(0.0pt,0.0pt)
* modes: 
* h-part:(L,W,R)=(85.35826pt, 455.24411pt, 56.9055pt)
* v-part:(T,H,B)=(85.35826pt, 702.78308pt, 56.9055pt)
* \paperwidth=597.50787pt
* \paperheight=845.04684pt
* \textwidth=455.24411pt
* \textheight=702.78308pt
* \oddsidemargin=13.08827pt
* \evensidemargin=13.08827pt
* \topmargin=-20.38553pt
* \headheight=13.6pt
* \headsep=19.8738pt
* \topskip=11.0pt
* \footskip=27.46295pt
* \marginparwidth=42.9055pt
* \marginparsep=7.0pt
* \columnsep=10.0pt
* \skip\footins=12.0pt plus 4.0pt minus 4.0pt
* \hoffset=0.0pt
* \voffset=0.0pt
* \mag=1000
* \@twocolumnfalse
* \@twosidefalse
* \@mparswitchfalse
* \@reversemarginfalse
* (1in=72.27pt=25.4mm, 1cm=28.453pt)

(/app/texlive/texmf-dist/tex/context/base/mkii/supp-pdf.mkii
[Loading MPS to PDF converter (version 2006.09.02).]
\scratchcounter=\count470
\scratchdimen=\dimen371
\scratchbox=\box139
\nofMPsegments=\count471
\nofMParguments=\count472
\everyMPshowfont=\toks71
\MPscratchCnt=\count473
\MPscratchDim=\dimen372
\MPnumerator=\count474
\makeMPintoPDFobject=\count475
\everyMPtoPDFconversion=\toks72
) (/app/texlive/texmf-dist/tex/latex/epstopdf-pkg/epstopdf-base.sty
Package: epstopdf-base 2020-01-24 v2.11 Base part for package epstopdf
Package epstopdf-base Info: Redefining graphics rule for `.eps' on input line 4
85.

(/app/texlive/texmf-dist/tex/latex/latexconfig/epstopdf-sys.cfg
File: epstopdf-sys.cfg 2010/07/13 v1.3 Configuration of (r)epstopdf for TeX Liv
e
))
Package caption Info: Begin \AtBeginDocument code.
Package caption Info: subfig package v1.3 is loaded.
Package caption Info: float package is loaded.
Package caption Info: listings package is loaded.
Package caption Info: longtable package is loaded.

(/app/texlive/texmf-dist/tex/latex/caption/ltcaption.sty
Package: ltcaption 2021/01/08 v1.4c longtable captions (AR)
)
Package caption Info: supertabular package is loaded.
Package caption Info: End \AtBeginDocument code.

(/app/texlive/texmf-dist/tex/latex/pdflscape/pdflscape.sty
Package: pdflscape 2022-10-27 v0.13 Display of landscape pages in PDF

(/app/texlive/texmf-dist/tex/latex/pdflscape/pdflscape-nometadata.sty
Package: pdflscape-nometadata 2022-10-28 v0.13 Display of landscape pages in PD
F (HO)
Package pdflscape Info: Auto-detected driver: pdftex on input line 81.
))
\c@lstlisting=\count476
\openout2 = `1-pre-textuais/CapaECA.aux'.


(./1-pre-textuais/CapaECA.tex
<./figuras//brasaoBR.png, id=7, 152.57pt x 153.57375pt>
File: ./figuras//brasaoBR.png Graphic file (type png)
<use ./figuras//brasaoBR.png>
Package pdftex.def Info: ./figuras//brasaoBR.png  used on input line 10.
(pdftex.def)             Requested size: 80.95018pt x 80.94846pt.
LaTeX Font Info:    Trying to load font information for TS1+ptm on input line 3
2.

(/app/texlive/texmf-dist/tex/latex/psnfss/ts1ptm.fd
File: ts1ptm.fd 2001/06/04 font definitions for TS1/ptm.
)) [1

\openout5 = `PCC_ECA_2026.ist'.



{/app/texlive/texmf-var/fonts/map/pdftex/updmap/pdftex.map}{/app/texlive/texmf-
dist/fonts/enc/dvips/base/8r.enc} <./figuras//brasaoBR.png (PNG copy)>]
(./1-pre-textuais/ContraCapaECA.tex
<figuras/IFCE_vertical.png, id=17, 100.4553pt x 109.1277pt>
File: figuras/IFCE_vertical.png Graphic file (type png)
<use figuras/IFCE_vertical.png>
Package pdftex.def Info: figuras/IFCE_vertical.png  used on input line 6.
(pdftex.def)             Requested size: 100.45505pt x 109.12741pt.
 [2



 <./figuras/IFCE_vertical.png>] [3

]
[4]) (./1-pre-textuais/DadosInstituicao.tex [5])
(./1-pre-textuais/DadosCurso.tex [6

]
Overfull \hbox (0.55508pt too wide) in paragraph at lines 22--23
[][][]\T1/ptm/m/n/10.95 https://portal.ifce.edu.br/cursos/maracanau-bacharelado
-em-engenharia-de-controle-e-automacao/[][] 
 []

) (./1-pre-textuais/Revisoes.tex [7

]
Underfull \hbox (badness 6032) in paragraph at lines 33--34
[]|\T1/ptm/m/n/10.95 inclusão da dis-ci-plina de In-te-li-gên-cia Com-pu-ta-ci-
o-nal Apli-cada
 []


Underfull \hbox (badness 5533) in paragraph at lines 47--48
[]|\T1/ptm/m/n/10.95 mudança do pré-requisito de Pro-ces-sa-mento Di-gi-tal de 
Si-nais
 []


Underfull \hbox (badness 1173) in paragraph at lines 48--49
[]|\T1/ptm/m/n/10.95 mudança do pré-requisito de Con-tro-la-do-res Ló-gi-cos Pr
o-gra-má-veis
 []

[8

] [9]) [10]
LaTeX Font Info:    Trying to load font information for T1+cmss on input line 2
3.
 (/app/texlive/texmf-dist/tex/latex/base/t1cmss.fd
File: t1cmss.fd 2022/07/10 v2.5l Standard LaTeX font definitions
)
(./PCC_ECA_2026.toc
LaTeX Font Info:    Trying to load font information for OT1+ztmcm on input line
 4.
 (/app/texlive/texmf-dist/tex/latex/psnfss/ot1ztmcm.fd
File: ot1ztmcm.fd 2000/01/03 Fontinst v1.801 font definitions for OT1/ztmcm.
)
LaTeX Font Info:    Trying to load font information for OML+ztmcm on input line
 4.

(/app/texlive/texmf-dist/tex/latex/psnfss/omlztmcm.fd
File: omlztmcm.fd 2000/01/03 Fontinst v1.801 font definitions for OML/ztmcm.
)
LaTeX Font Info:    Trying to load font information for OMS+ztmcm on input line
 4.

(/app/texlive/texmf-dist/tex/latex/psnfss/omsztmcm.fd
File: omsztmcm.fd 2000/01/03 Fontinst v1.801 font definitions for OMS/ztmcm.
)
LaTeX Font Info:    Trying to load font information for OMX+ztmcm on input line
 4.

(/app/texlive/texmf-dist/tex/latex/psnfss/omxztmcm.fd
File: omxztmcm.fd 2000/01/03 Fontinst v1.801 font definitions for OMX/ztmcm.
)
LaTeX Font Info:    Trying to load font information for OT1+ptm on input line 4
.

(/app/texlive/texmf-dist/tex/latex/psnfss/ot1ptm.fd
File: ot1ptm.fd 2001/06/04 font definitions for OT1/ptm.
)
LaTeX Font Info:    Font shape `OT1/ptm/bx/n' in size <10.95> not available
(Font)              Font shape `OT1/ptm/b/n' tried instead on input line 4.
LaTeX Font Info:    Font shape `OT1/ptm/bx/n' in size <8> not available
(Font)              Font shape `OT1/ptm/b/n' tried instead on input line 4.
LaTeX Font Info:    Font shape `OT1/ptm/bx/n' in size <6> not available
(Font)              Font shape `OT1/ptm/b/n' tried instead on input line 4.
 [11


{/app/texlive/texmf-dist/fonts/enc/dvips/cm-super/cm-super-t1.enc}]) [12]
(./2-textuais/Apresentacao.tex) (./2-textuais/ContextualizacaoInstituicao.tex

Package fancyhdr Warning: \headheight is too small (13.6pt): 
(fancyhdr)                Make it at least 13.9186pt, for example:
(fancyhdr)                \setlength{\headheight}{13.9186pt}.
(fancyhdr)                You might also make \topmargin smaller to compensate:

(fancyhdr)                \addtolength{\topmargin}{-0.31859pt}.

[13


] [14

] [15]

LaTeX Warning: Reference `anexoPortariaComissao' on page 16 undefined on input 
line 48.


LaTeX Warning: Reference `anexoPortariaComissaoAlt' on page 16 undefined on inp
ut line 48.

) (./2-textuais/Justificativa.tex [16] [17

])
(./2-textuais/FundamentacaoLegal.tex [18] [19

]) (./2-textuais/Objetivos.tex
[20] [21

]) (./2-textuais/FormaIngresso.tex [22]

LaTeX Warning: Reference `anexoRODtransferencia' on page 23 undefined on input 
line 2.

) (./2-textuais/AreasAtuaÃ§Ã£o.tex [23

]

Package fancyhdr Warning: \headheight is too small (13.6pt): 
(fancyhdr)                Make it at least 13.9186pt, for example:
(fancyhdr)                \setlength{\headheight}{13.9186pt}.
(fancyhdr)                You might also make \topmargin smaller to compensate:

(fancyhdr)                \addtolength{\topmargin}{-0.31859pt}.

[24

]) (./2-textuais/PerfilEgresso.tex

Package fancyhdr Warning: \headheight is too small (13.6pt): 
(fancyhdr)                Make it at least 13.9186pt, for example:
(fancyhdr)                \setlength{\headheight}{13.9186pt}.
(fancyhdr)                You might also make \topmargin smaller to compensate:

(fancyhdr)                \addtolength{\topmargin}{-0.31859pt}.

[25] [26

]) (./2-textuais/Metodologia.tex [27] [28

]

LaTeX Warning: Reference `APOIO' on page 29 undefined on input line 31.

) (./2-textuais/EstruturaCurricular.tex [29] [30

]
Underfull \hbox (badness 10000) in paragraph at lines 33--33
[]|\T1/ptm/m/n/10.95 máximo de
 []


Underfull \hbox (badness 10000) in paragraph at lines 33--33
[]|\T1/ptm/m/n/10.95 horas-aula
 []


LaTeX Warning: Citation `cne11' on page 31 undefined on input line 44.


Underfull \hbox (badness 10000) in paragraph at lines 50--51
[]|\T1/ptm/m/n/10.95 horas-aula
 []

[31

]
Underfull \hbox (badness 10000) in paragraph at lines 78--79
[]|\T1/ptm/m/n/10.95 horas-aula
 []


Underfull \hbox (badness 10000) in paragraph at lines 116--117
[]|\T1/ptm/m/n/10.95 horas-aula
 []

[32]
Underfull \hbox (badness 10000) in paragraph at lines 138--139
[]|\T1/ptm/m/n/10.95 horas-aula
 []

[33]

LaTeX Warning: Reference `anexoDecreto' on page 34 undefined on input line 165.



LaTeX Warning: Reference `anexoPUD' on page 34 undefined on input line 171.


LaTeX Warning: Reference `anexoRODmatricula' on page 34 undefined on input line
 174.

[34] (./2-textuais/MatrizECA.tex

LaTeX Warning: Hyper reference `PUD:ACE002' on page 35 undefined on input line 
15.


LaTeX Warning: Hyper reference `PUD:ACE003' on page 35 undefined on input line 
17.


LaTeX Warning: Hyper reference `PUD:ACE004' on page 35 undefined on input line 
19.


LaTeX Warning: Hyper reference `PUD:ACE005' on page 35 undefined on input line 
21.


LaTeX Warning: Hyper reference `PUD:ACE017' on page 35 undefined on input line 
23.


LaTeX Warning: Hyper reference `PUD:EME105' on page 35 undefined on input line 
25.


LaTeX Warning: Hyper reference `PUD:ACE006' on page 35 undefined on input line 
31.


LaTeX Warning: Hyper reference `PUD:ACE003' on page 35 undefined on input line 
31.


LaTeX Warning: Hyper reference `PUD:ACE008' on page 35 undefined on input line 
33.


LaTeX Warning: Hyper reference `PUD:ACE003' on page 35 undefined on input line 
33.


LaTeX Warning: Hyper reference `PUD:ACE013' on page 35 undefined on input line 
35.


LaTeX Warning: Hyper reference `PUD:ACE003' on page 35 undefined on input line 
35.


LaTeX Warning: Hyper reference `PUD:ECA208' on page 35 undefined on input line 
37.


LaTeX Warning: Hyper reference `PUD:EME106' on page 35 undefined on input line 
39.


LaTeX Warning: Hyper reference `PUD:EME105' on page 35 undefined on input line 
39.


LaTeX Warning: Hyper reference `PUD:ACE010' on page 35 undefined on input line 
44.


LaTeX Warning: Hyper reference `PUD:ACE006' on page 35 undefined on input line 
44.


LaTeX Warning: Hyper reference `PUD:ACE011' on page 35 undefined on input line 
46.


LaTeX Warning: Hyper reference `PUD:ACE008' on page 35 undefined on input line 
46.


LaTeX Warning: Hyper reference `PUD:ECA209' on page 35 undefined on input line 
48.


LaTeX Warning: Hyper reference `PUD:ECA208' on page 35 undefined on input line 
48.


LaTeX Warning: Hyper reference `PUD:ECA211' on page 35 undefined on input line 
50.


LaTeX Warning: Hyper reference `PUD:EME107' on page 35 undefined on input line 
52.


LaTeX Warning: Hyper reference `PUD:ACE009' on page 35 undefined on input line 
57.


LaTeX Warning: Hyper reference `PUD:ACE012' on page 35 undefined on input line 
59.


LaTeX Warning: Hyper reference `PUD:ACE011' on page 35 undefined on input line 
59.


LaTeX Warning: Hyper reference `PUD:ACE014' on page 35 undefined on input line 
61.


LaTeX Warning: Hyper reference `PUD:ECA210' on page 35 undefined on input line 
63.


LaTeX Warning: Hyper reference `PUD:ACE003' on page 35 undefined on input line 
63.


LaTeX Warning: Hyper reference `PUD:ECA212' on page 35 undefined on input line 
65.


LaTeX Warning: Hyper reference `PUD:ECA209' on page 35 undefined on input line 
65.


LaTeX Warning: Hyper reference `PUD:EME108' on page 35 undefined on input line 
67.


LaTeX Warning: Hyper reference `PUD:ACE005' on page 35 undefined on input line 
67.


LaTeX Warning: Hyper reference `PUD:ECA214' on page 35 undefined on input line 
72.


LaTeX Warning: Hyper reference `PUD:ECA210' on page 35 undefined on input line 
72.


LaTeX Warning: Hyper reference `PUD:ECA215' on page 35 undefined on input line 
74.


LaTeX Warning: Hyper reference `PUD:ECA210' on page 35 undefined on input line 
74.


LaTeX Warning: Hyper reference `PUD:ECA219' on page 35 undefined on input line 
76.


LaTeX Warning: Hyper reference `PUD:ECA220' on page 35 undefined on input line 
78.


LaTeX Warning: Hyper reference `PUD:ACE002' on page 35 undefined on input line 
78.


LaTeX Warning: Hyper reference `PUD:EME109' on page 35 undefined on input line 
80.


LaTeX Warning: Hyper reference `PUD:EME108' on page 35 undefined on input line 
80.


LaTeX Warning: Hyper reference `PUD:ECA213' on page 35 undefined on input line 
85.


LaTeX Warning: Hyper reference `PUD:ECA209' on page 35 undefined on input line 
85.


LaTeX Warning: Hyper reference `PUD:ECA216' on page 35 undefined on input line 
87.


LaTeX Warning: Hyper reference `PUD:ECA214' on page 35 undefined on input line 
87.


LaTeX Warning: Hyper reference `PUD:ECA222' on page 35 undefined on input line 
89.


LaTeX Warning: Hyper reference `PUD:ECA210' on page 35 undefined on input line 
89.


LaTeX Warning: Hyper reference `PUD:ECA233' on page 35 undefined on input line 
91.


LaTeX Warning: Hyper reference `PUD:ECA220' on page 35 undefined on input line 
91.


LaTeX Warning: Hyper reference `PUD:ACE007' on page 35 undefined on input line 
96.


LaTeX Warning: Hyper reference `PUD:ECA205' on page 35 undefined on input line 
98.


LaTeX Warning: Hyper reference `PUD:ECA220' on page 35 undefined on input line 
98.


LaTeX Warning: Hyper reference `PUD:ECA221' on page 35 undefined on input line 
100.


LaTeX Warning: Hyper reference `PUD:ECA213' on page 35 undefined on input line 
100.


LaTeX Warning: Hyper reference `PUD:ECA223' on page 35 undefined on input line 
102.


LaTeX Warning: Hyper reference `PUD:ACE012' on page 35 undefined on input line 
102.


LaTeX Warning: Hyper reference `PUD:ECA228' on page 35 undefined on input line 
104.


LaTeX Warning: Hyper reference `PUD:ECA214' on page 35 undefined on input line 
104.


LaTeX Warning: Hyper reference `PUD:ACE015' on page 35 undefined on input line 
109.


LaTeX Warning: Hyper reference `PUD:ECA202' on page 35 undefined on input line 
113.


LaTeX Warning: Hyper reference `PUD:ECA233' on page 35 undefined on input line 
113.


LaTeX Warning: Hyper reference `PUD:ECA224' on page 35 undefined on input line 
115.


LaTeX Warning: Hyper reference `PUD:ECA233' on page 35 undefined on input line 
115.


LaTeX Warning: Hyper reference `PUD:ECA225' on page 35 undefined on input line 
117.


LaTeX Warning: Hyper reference `PUD:ECA213' on page 35 undefined on input line 
117.


LaTeX Warning: Hyper reference `PUD:ECA226' on page 35 undefined on input line 
124.


LaTeX Warning: Hyper reference `PUD:ECA225' on page 35 undefined on input line 
124.


LaTeX Warning: Hyper reference `PUD:ECA227' on page 35 undefined on input line 
126.


LaTeX Warning: Hyper reference `PUD:EME123' on page 35 undefined on input line 
128.


LaTeX Warning: Hyper reference `PUD:EME106' on page 35 undefined on input line 
128.


LaTeX Warning: Hyper reference `PUD:ACE016' on page 35 undefined on input line 
133.


LaTeX Warning: Hyper reference `PUD:ACE020' on page 35 undefined on input line 
135.


LaTeX Warning: Hyper reference `PUD:EME120' on page 35 undefined on input line 
137.


LaTeX Warning: Hyper reference `PUD:EME127' on page 35 undefined on input line 
139.


LaTeX Warning: Hyper reference `PUD:ACE001' on page 35 undefined on input line 
144.


LaTeX Warning: Hyper reference `PUD:ECA201' on page 35 undefined on input line 
146.


LaTeX Warning: Hyper reference `PUD:ECA203' on page 35 undefined on input line 
148.


LaTeX Warning: Hyper reference `PUD:ECA204' on page 35 undefined on input line 
150.


LaTeX Warning: Hyper reference `PUD:ECA209' on page 35 undefined on input line 
150.


LaTeX Warning: Hyper reference `PUD:ECA206' on page 35 undefined on input line 
152.


LaTeX Warning: Hyper reference `PUD:ECA226' on page 35 undefined on input line 
152.


LaTeX Warning: Hyper reference `PUD:ECA218' on page 35 undefined on input line 
154.


LaTeX Warning: Hyper reference `PUD:ECA233' on page 35 undefined on input line 
154.


LaTeX Warning: Hyper reference `PUD:ECA230' on page 35 undefined on input line 
156.


LaTeX Warning: Hyper reference `PUD:ECA225' on page 35 undefined on input line 
156.


LaTeX Warning: Hyper reference `PUD:ECA235' on page 35 undefined on input line 
158.


LaTeX Warning: Hyper reference `PUD:ECA202' on page 35 undefined on input line 
158.


LaTeX Warning: Hyper reference `PUD:ACE021' on page 35 undefined on input line 
161.


LaTeX Warning: Hyper reference `PUD:EME131' on page 35 undefined on input line 
163.


LaTeX Warning: Hyper reference `PUD:ACE006' on page 35 undefined on input line 
163.


LaTeX Warning: Hyper reference `PUD:EME132' on page 35 undefined on input line 
165.


LaTeX Warning: Hyper reference `PUD:ECA209' on page 35 undefined on input line 
165.


LaTeX Warning: Hyper reference `PUD:EME118' on page 35 undefined on input line 
167.


LaTeX Warning: Hyper reference `PUD:ACE011' on page 35 undefined on input line 
167.

[35

])
<figuras/CursoECA_Celso.pdf, id=296, 1457.445pt x 1700.3525pt>
File: figuras/CursoECA_Celso.pdf Graphic file (type pdf)
<use figuras/CursoECA_Celso.pdf>
Package pdftex.def Info: figuras/CursoECA_Celso.pdf  used on input line 184.
(pdftex.def)             Requested size: 1457.44145pt x 1700.34836pt.
File: figuras/CursoECA_Celso.pdf Graphic file (type pdf)
<use figuras/CursoECA_Celso.pdf>
Package pdftex.def Info: figuras/CursoECA_Celso.pdf  used on input line 184.
(pdftex.def)             Requested size: 1457.44145pt x 1700.34836pt.
<figuras/CursoECA_Celso.pdf, id=299, page=1, 1457.445pt x 1700.3525pt>
File: figuras/CursoECA_Celso.pdf Graphic file (type pdf)
<use figuras/CursoECA_Celso.pdf, page 1>
Package pdftex.def Info: figuras/CursoECA_Celso.pdf , page1 used on input line 
184.
(pdftex.def)             Requested size: 1457.44145pt x 1700.34836pt.
File: figuras/CursoECA_Celso.pdf Graphic file (type pdf)
<use figuras/CursoECA_Celso.pdf, page 1>
Package pdftex.def Info: figuras/CursoECA_Celso.pdf , page1 used on input line 
184.
(pdftex.def)             Requested size: 597.66753pt x 697.27878pt.
 [36]
File: figuras/CursoECA_Celso.pdf Graphic file (type pdf)
<use figuras/CursoECA_Celso.pdf, page 1>
Package pdftex.def Info: figuras/CursoECA_Celso.pdf , page1 used on input line 
184.
(pdftex.def)             Requested size: 597.66753pt x 697.27878pt.
File: figuras/CursoECA_Celso.pdf Graphic file (type pdf)
<use figuras/CursoECA_Celso.pdf, page 1>
Package pdftex.def Info: figuras/CursoECA_Celso.pdf , page1 used on input line 
184.
(pdftex.def)             Requested size: 597.66753pt x 697.27878pt.
File: figuras/CursoECA_Celso.pdf Graphic file (type pdf)
<use figuras/CursoECA_Celso.pdf, page 1>
Package pdftex.def Info: figuras/CursoECA_Celso.pdf , page1 used on input line 
184.
(pdftex.def)             Requested size: 597.66753pt x 697.27878pt.
 [37 <./figuras/CursoECA_Celso.pdf>] [38]

LaTeX Warning: Citation `cne11' on page 39 undefined on input line 218.


Overfull \hbox (5.4722pt too wide) in paragraph at lines 225--226
[]\T1/ptm/m/n/10.95 A carga mí-nima de ati-vi-da-des com-ple-men-ta-res não obr
i-ga-tó-rias re-co-men-dada para o curso abrange
 []

[39] [40] [41] [42] [43] [44] [45] [46] [47] [48]
LaTeX Font Info:    Trying to load font information for T1+cmtt on input line 6
82.

(/app/texlive/texmf-dist/tex/latex/base/t1cmtt.fd
File: t1cmtt.fd 2022/07/10 v2.5l Standard LaTeX font definitions
) [49] [50])
(./2-textuais/AproveitamentoValidacaoConhecimento.tex [51]) [52

] [53

]
\openout2 = `3-pos-textuais/anexos.aux'.


(./3-pos-textuais/anexos.tex
<anexos/ComprovanteImovel.pdf, id=384, 609.27625pt x 844.15375pt>
File: anexos/ComprovanteImovel.pdf Graphic file (type pdf)
<use anexos/ComprovanteImovel.pdf>
Package pdftex.def Info: anexos/ComprovanteImovel.pdf  used on input line 8.
(pdftex.def)             Requested size: 609.27475pt x 844.15169pt.
File: anexos/ComprovanteImovel.pdf Graphic file (type pdf)
<use anexos/ComprovanteImovel.pdf>
Package pdftex.def Info: anexos/ComprovanteImovel.pdf  used on input line 8.
(pdftex.def)             Requested size: 609.27475pt x 844.15169pt.
<anexos/ComprovanteImovel.pdf, id=387, page=1, 609.27625pt x 844.15375pt>
File: anexos/ComprovanteImovel.pdf Graphic file (type pdf)
<use anexos/ComprovanteImovel.pdf, page 1>
Package pdftex.def Info: anexos/ComprovanteImovel.pdf , page1 used on input lin
e 8.
(pdftex.def)             Requested size: 609.27475pt x 844.15169pt.
File: anexos/ComprovanteImovel.pdf Graphic file (type pdf)
<use anexos/ComprovanteImovel.pdf, page 1>
Package pdftex.def Info: anexos/ComprovanteImovel.pdf , page1 used on input lin
e 8.
(pdftex.def)             Requested size: 597.77461pt x 828.21822pt.
File: anexos/ComprovanteImovel.pdf Graphic file (type pdf)
<use anexos/ComprovanteImovel.pdf, page 1>
Package pdftex.def Info: anexos/ComprovanteImovel.pdf , page1 used on input lin
e 8.
(pdftex.def)             Requested size: 597.77461pt x 828.21822pt.
File: anexos/ComprovanteImovel.pdf Graphic file (type pdf)
<use anexos/ComprovanteImovel.pdf, page 1>
Package pdftex.def Info: anexos/ComprovanteImovel.pdf , page1 used on input lin
e 8.
(pdftex.def)             Requested size: 597.77461pt x 828.21822pt.
File: anexos/ComprovanteImovel.pdf Graphic file (type pdf)
<use anexos/ComprovanteImovel.pdf, page 1>
Package pdftex.def Info: anexos/ComprovanteImovel.pdf , page1 used on input lin
e 8.
(pdftex.def)             Requested size: 597.77461pt x 828.21822pt.
 [54


 <./anexos/ComprovanteImovel.pdf>]
<anexos/ComprovanteImovel.pdf, id=394, page=2, 609.27625pt x 844.15375pt>
File: anexos/ComprovanteImovel.pdf Graphic file (type pdf)
<use anexos/ComprovanteImovel.pdf, page 2>
Package pdftex.def Info: anexos/ComprovanteImovel.pdf , page2 used on input lin
e 8.
(pdftex.def)             Requested size: 597.77461pt x 828.21822pt.
File: anexos/ComprovanteImovel.pdf Graphic file (type pdf)
<use anexos/ComprovanteImovel.pdf, page 2>
Package pdftex.def Info: anexos/ComprovanteImovel.pdf , page2 used on input lin
e 8.
(pdftex.def)             Requested size: 597.77461pt x 828.21822pt.
File: anexos/ComprovanteImovel.pdf Graphic file (type pdf)
<use anexos/ComprovanteImovel.pdf, page 2>
Package pdftex.def Info: anexos/ComprovanteImovel.pdf , page2 used on input lin
e 8.
(pdftex.def)             Requested size: 597.77461pt x 828.21822pt.
 [55 <./anexos/ComprovanteImovel.pdf>]
<anexos/ComprovanteImovel.pdf, id=400, page=3, 609.27625pt x 844.15375pt>
File: anexos/ComprovanteImovel.pdf Graphic file (type pdf)
<use anexos/ComprovanteImovel.pdf, page 3>
Package pdftex.def Info: anexos/ComprovanteImovel.pdf , page3 used on input lin
e 8.
(pdftex.def)             Requested size: 597.77461pt x 828.21822pt.
File: anexos/ComprovanteImovel.pdf Graphic file (type pdf)
<use anexos/ComprovanteImovel.pdf, page 3>
Package pdftex.def Info: anexos/ComprovanteImovel.pdf , page3 used on input lin
e 8.
(pdftex.def)             Requested size: 597.77461pt x 828.21822pt.
File: anexos/ComprovanteImovel.pdf Graphic file (type pdf)
<use anexos/ComprovanteImovel.pdf, page 3>
Package pdftex.def Info: anexos/ComprovanteImovel.pdf , page3 used on input lin
e 8.
(pdftex.def)             Requested size: 597.77461pt x 828.21822pt.
 [56 <./anexos/ComprovanteImovel.pdf>])

Package glossaries Warning: No \printglossary or \printglossaries found. 
(Remove \makeglossaries if you don't want any glossaries.) 
This document will not have a glossary.

\tf@toc=\write7
\openout7 = `PCC_ECA_2026.toc'.

(./PCC_ECA_2026.aux (./1-pre-textuais/CapaECA.aux) (./3-pos-textuais/anexos.aux
))

LaTeX Warning: There were undefined references.


LaTeX Warning: There were multiply-defined labels.

 ) 
Here is how much of TeX's memory you used:
 41139 strings out of 476041
 767140 string characters out of 5793174
 1922388 words of memory out of 6000000
 60662 multiletter control sequences out of 15000+600000
 542685 words of font info for 76 fonts, out of 8000000 for 9000
 1137 hyphenation exceptions out of 8191
 104i,17n,97p,2302b,656s stack positions out of 10000i,1000n,20000p,200000b,200000s
</app/texlive/texmf-dist/fonts/type1/public/cm-super/sfss1440.pfb></app/texli
ve/texmf-dist/fonts/type1/public/cm-super/sfsx1095.pfb></app/texlive/texmf-dist
/fonts/type1/public/cm-super/sftt1095.pfb></app/texlive/texmf-dist/fonts/type1/
urw/times/utmb8a.pfb></app/texlive/texmf-dist/fonts/type1/urw/times/utmbi8a.pfb
></app/texlive/texmf-dist/fonts/type1/urw/times/utmr8a.pfb></app/texlive/texmf-
dist/fonts/type1/urw/times/utmr8a.pfb></app/texlive/texmf-dist/fonts/type1/urw/
times/utmri8a.pfb>
Output written on PCC_ECA_2026.pdf (56 pages, 2663133 bytes).
PDF statistics:
 602 PDF objects out of 1000 (max. 8388607)
 509 compressed objects within 6 object streams
 135 named destinations out of 1000 (max. 500000)
 409 words of extra memory for PDF output out of 10000 (max. 10000000)

